******************************************************************************
                  TI ARM Linker PC v16.9.6                     
******************************************************************************
>> Linked Tue Jul 21 14:20:01 2026

OUTPUT FILE NAME:   <gesture_ML_6443_AOP_mss.xer4f>
ENTRY POINT SYMBOL: "_c_int00"  address: 0001bcb0


MEMORY CONFIGURATION

         name            origin    length      used     unused   attr    fill
----------------------  --------  ---------  --------  --------  ----  --------
PAGE 0:
  VECTORS               00000000   00000100  0000003c  000000c4     X
  PROG_RAM              00000100   0003ff00  00029796  0001676a  R  X
  DATA_RAM              08000000   00030000  00027ed0  00008130  RW  
  L3_RAM                51000000   00080000  00080000  00000000  RW  
  HWA_RAM               52030000   00010000  00000000  00010000  RW  
  HS_RAM                52080000   00008000  00000000  00008000  RW  

PAGE 1:
  L3_RAM                51000000   00080000  00000000  00080000  RW  


SEGMENT ALLOCATION MAP

run origin  load origin   length   init length attrs members
----------  ----------- ---------- ----------- ----- -------
00000000    00000000    0000003c   0000003c    r--
  00000000    00000000    0000003c   0000003c    r-- .vecs
00000100    00000100    000297a0   000297a0    r-x
  00000100    00000100    000220b2   000220b2    r-x .text
  000221b8    000221b8    000014e4   000014e4    r-- .const
  000236a0    000236a0    00006200   00006200    r-- .cinit
08000000    08000000    00027ed4   00000000    rw-
  08000000    08000000    00010000   00000000    rw- systemHeap
  08010000    08010000    0000c400   00000000    rw- .DPC_objDetTcmbHeap
  0801c400    0801c400    000072ac   00000000    rw- .data
  080236b0    080236b0    00003690   00000000    rw- .bss
  08026d40    08026d40    00000800   00000000    rw- .myFiqStack
  08027540    08027540    00000800   00000000    rw- .stack
  08027d40    08027d40    00000194   00000000    rw- .features
51000000    51000000    00080000   00000000    rw-
  51000000    51000000    00080000   00000000    rw- .l3ram


SECTION ALLOCATION MAP

 output                                  attributes/
section   page    origin      length       input sections
--------  ----  ----------  ----------   ----------------
.vecs      0    00000000    0000003c     
                  00000000    0000003c     mmw_per4ft.oer4ft (.vecs)

.text      0    00000100    000220b2     
                  00000100    0000107a     rtsv7R4_T_le_v3D16_eabi.lib : _printfi.obj (.text)
                  0000117a    00000002     libadcbuf_xwr68xx.aer4f : adcbuf_mmwave.oer4f (.text:ADCBUF_MMWave_init)
                  0000117c    00000a74     dopplerprochwa.oer4f (.text:DPU_DopplerProcHWA_config)
                  00001bf0    00000769     main.oer4f (.text:MmwDemo_dataPathConfig)
                  00002359    00000001     --HOLE-- [fill = 0]
                  0000235a    00000002     libhwa_xwr68xx.aer4f : hwa.oer4f (.text:HWA_init)
                  0000235c    0000065a     mmw_cli.oer4f (.text:MmwDemo_CLIInit)
                  000029b6    00000002     libmmwave_xwr68xx.aer4f : mmwave_link.oer4f (.text:MMWave_maskHostIRQ)
                  000029b8    00000658     libhwa_xwr68xx.aer4f : hwa.oer4f (.text:HWA_configParamSet)
                  00003010    000005fc     rtsv7R4_T_le_v3D16_eabi.lib : k_rem_pio2.obj (.text)
                  0000360c    00000564     rangeprochwa.oer4f (.text:DPU_RangeProcHWA_process)
                  00003b70    000004e1     sysbios.aer4ft : BIOS.obj (.text:xdc_runtime_System_doPrint__I)
                  00004051    00000001     --HOLE-- [fill = 0]
                  00004052    00000002     libuart_xwr68xx.aer4f : uartsci.oer4f (.text:UartSci_init)
                  00004054    000004d5     objectdetection.oer4f (.text:DPC_ObjectDetection_ioctl)
                  00004529    00000001     --HOLE-- [fill = 0]
                  0000452a    00000002     rtsv7R4_T_le_v3D16_eabi.lib : i_div0.obj (.text)
                  0000452c    000004a8     libadcbuf_xwr68xx.aer4f : adcbuf_mmwave.oer4f (.text:ADCBUF_MMWave_control)
                  000049d4    00000490     main.oer4f (.text:MmwDemo_initTask)
                  00004e64    0000044c     objectdetection.oer4f (.text:DPC_ObjDet_rangeBiasRxChPhaseMeasure)
                  000052b0    0000043c     mmwdemo_rfparser.oer4f (.text:MmwDemo_RFParser_parseCtrlConfig)
                  000056ec    00000410     libcli_xwr68xx.aer4f : cli_mmwave.oer4f (.text:CLI_MMWaveVersion)
                  00005afc    00000410     rangeprochwa.oer4f (.text:DPU_RangeProcHWA_config)
                  00005f0c    00000401     mmw_cli.oer4f (.text:MmwDemo_CLISensorStart)
                  0000630d    00000001     --HOLE-- [fill = 0]
                  0000630e    00000002     mmw_per4ft.oer4ft (.text:ti_sysbios_BIOS_nullFunc__I)
                  00006310    000003f4     rtsv7R4_T_le_v3D16_eabi.lib : s_cos.obj (.text)
                  00006704    000003f4                                 : s_sin.obj (.text)
                  00006af8    00000388     main.oer4f (.text:MmwDemo_DPC_ObjectDetection_dpmTask)
                  00006e80    00000314     libsoc_xwr68xx.aer4f : soc_xwr68xx_mss.oer4f (.text:SOC_deviceInit)
                  00007194    00000304     rangeprochwa.oer4f (.text:rangeProcHWA_ConfigEDMA_DataOut_nonInterleave)
                  00007498    000002f8     libcbuff_xwr68xx.aer4f : cbuff.oer4f (.text:CBUFF_createSession)
                  00007790    000002f4     sysbios.aer4ft : BIOS.obj (.text:ti_sysbios_knl_Semaphore_pend__E)
                  00007a84    0000000c     libedma_xwr68xx.aer4f : edma_low_level.oer4f (.text:EDMA3ChannelToParamMap)
                  00007a90    000002cc     sysbios.aer4ft : BIOS.obj (.text:ti_sysbios_knl_Task_Instance_finalize__E)
                  00007d5c    000002c4     libhwa_xwr68xx.aer4f : hwa.oer4f (.text:HWA_configCommon)
                  00008020    000002c0     main.oer4f (.text:MmwDemo_DPC_ObjectDetection_reportFxn)
                  000082e0    000002b8     rtsv7R4_T_le_v3D16_eabi.lib : ull_div32.obj (.text)
                  00008598    00000008     objectdetection.oer4f (.text:DPC_ObjDet_MemPoolReset)
                  000085a0    000002a4     sysbios.aer4ft : BIOS.obj (.text:ti_sysbios_heaps_HeapMem_freeUnprotected__E)
                  00008844    00000284     libmmwave_xwr68xx.aer4f : mmwave_dualcore.oer4f (.text:MMWave_deviceExecuteFxn)
                  00008ac8    00000284     main.oer4f (.text:MmwDemo_processPendingDynamicCfgCommands)
                  00008d4c    00000280     dopplerprochwa.oer4f (.text:DPU_DopplerProcHWA_process)
                  00008fcc    00000280     libhsiheader_xwr68xx.aer4f : hsiheader.oer4f (.text:HSIHeader_createHeader)
                  0000924c    00000004     libedma_xwr68xx.aer4f : edma.oer4f (.text:EDMA_getNumInstances)
                  00009250    00000280     sysbios.aer4ft : BIOS.obj (.text:ti_sysbios_family_arm_exc_Exception_excDumpContext__I)
                  000094d0    00000268     objectdetection.oer4f (.text:DPC_ObjectDetection_execute)
                  00009738    00000264     libcbuff_xwr68xx.aer4f : cbuff.oer4f (.text:CBUFF_init)
                  0000999c    00000260     libmailbox_xwr68xx.aer4f : mailbox.oer4f (.text:Mailbox_open)
                  00009bfc    00000258     main.oer4f (.text:MmwDemo_sensorStopEpilog)
                  00009e54    00000258     rtsv7R4_T_le_v3D16_eabi.lib : e_exp.obj (.text)
                  0000a0ac    00000254     libcli_xwr68xx.aer4f : cli_mmwave.oer4f (.text:CLI_MMWaveProfileCfg)
                  0000a300    00000254     main.oer4f (.text:MmwDemo_eventCallbackFxn)
                  0000a554    00000248     rtsv7R4_T_le_v3D16_eabi.lib : vla_alloc.obj (.text)
                  0000a79c    00000244     objectdetection.oer4f (.text:DPC_ObjDet_rangeConfig)
                  0000a9e0    0000023c     mmw_lvds_stream.oer4f (.text:MmwDemo_LVDSStreamHwConfig)
                  0000ac1c    0000022c     libcbuff_xwr68xx.aer4f : cbuff_lvds.oer4f (.text:CBUFF_openLVDS)
                  0000ae48    00000008     dopplerprochwa.oer4f (.text:DPU_DopplerProcHWA_edmaDoneIsrCallback)
                  0000ae50    00000228     sysbios.aer4ft : BIOS.obj (.text:ti_sysbios_heaps_HeapMem_allocUnprotected__E)
                  0000b078    00000224     data_path.oer4f (.text:MmwDemo_checkEdmaErrors)
                  0000b29c    00000004     libosal_xwr68xx.aer4f : HwiP_tirtos.oer4f (.text:HwiP_disableInterrupt)
                  0000b2a0    00000224     sysbios.aer4ft : BIOS.obj (.text:ti_sysbios_timers_rti_Timer_Module_startup__E)
                  0000b4c4    00000220     rangeprochwa.oer4f (.text:rangeProcHWA_ConfigHWA)
                  0000b6e4    00000214     libuart_xwr68xx.aer4f : uartsci.oer4f (.text:UartSci_open)
                  0000b8f8    0000020a     libcbuff_xwr68xx.aer4f : cbuff_transfer.oer4f (.text:CBUFF_addLinkedList)
                  0000bb02    00000002     mmw_per4ft.oer4ft (.text:xdc_runtime_Startup_reset__I)
                  0000bb04    00000204     libcli_xwr68xx.aer4f : cli_mmwave.oer4f (.text:CLI_MMWaveChirpCfg)
                  0000bd08    00000008     dopplerprochwa.oer4f (.text:DPU_DopplerProcHWA_hwaDoneIsrCallback)
                  0000bd10    00000204     sysbios.aer4ft : BIOS.obj (.text:ti_sysbios_knl_Task_sleep__E)
                  0000bf14    00000200     libcrc_xwr68xx.aer4f : crc.oer4f (.text:CRC_open)
                  0000c114    0000000c     libedma_xwr68xx.aer4f : edma_low_level.oer4f (.text:EDMAsetRegion)
                  0000c120    00000200     sysbios.aer4ft : BIOS.obj (.text:ti_sysbios_knl_Task_Instance_init__E)
                  0000c320    000001f8     cli.oer4f (.text:CLI_task)
                  0000c518    000001f0     libdma_xwr68xx.aer4f : dma.oer4f (.text:DMA_setChannelParams)
                  0000c708    000001e4     rtsv7R4_T_le_v3D16_eabi.lib : strtod.obj (.text)
                  0000c8ec    000001dc     libaoaproc_hwa_xwr68xx.aer4f : aoaprochwa.oer4f (.text:DPU_AoAProcHWA_config)
                  0000cac8    000001d4     libcbuff_xwr68xx.aer4f : cbuff_edma.oer4f (.text:CBUFF_configEDMA)
                  0000cc9c    00000004     libosal_xwr68xx.aer4f : HwiP_tirtos.oer4f (.text:HwiP_enableInterrupt)
                  0000cca0    000001cc     sysbios.aer4ft : BIOS.obj (.text:ti_sysbios_family_arm_v7r_vim_Hwi_dispatchIRQC__I)
                  0000ce6c    000001c8     libcbuff_xwr68xx.aer4f : cbuff_lvds.oer4f (.text:CBUFF_initLVDS)
                  0000d034    000001c8     libmmwavelink_xwr68xx.aer4f : rl_driver.oer4f (.text:rlDriverRxHdrRead)
                  0000d1fc    000001c8     rtsv7R4_T_le_v3D16_eabi.lib : fopen.obj (.text)
                  0000d3c4    000001c0     libedma_xwr68xx.aer4f : edma.oer4f (.text:EDMA_open)
                  0000d584    000001b0     libmmwavelink_xwr68xx.aer4f : rl_driver.oer4f (.text:rlDriverMsgRead)
                  0000d734    000001a4     libcbuff_xwr68xx.aer4f : cbuff.oer4f (.text:CBUFF_activateSession)
                  0000d8d8    000001a4     libcli_xwr68xx.aer4f : cli_mmwave.oer4f (.text:CLI_MMWaveSubFrameCfg)
                  0000da7c    000001a4     libmmwave_xwr68xx.aer4f : mmwave_dualcore.oer4f (.text:MMWave_serializeCfg)
                  0000dc20    0000019c     sysbios.aer4ft : BIOS.obj (.text:xdc_runtime_Error_policyDefault__E)
                  0000ddbc    00000194     libmmwave_xwr68xx.aer4f : mmwave_link.oer4f (.text:MMWave_openLink)
                  0000df50    00000190     libmmwavelink_xwr68xx.aer4f : rl_driver.oer4f (.text:rlDriverCmdInvoke)
                  0000e0e0    0000018c     libstaticclutterproc_xwr68xx.aer4f : staticclutterproc.oer4f (.text:DPU_StaticClutterProc_process)
                  0000e26c    00000188     libedma_xwr68xx.aer4f : edma.oer4f (.text:EDMA_configChannel)
                  0000e3f4    00000188     libhwa_xwr68xx.aer4f : hwa.oer4f (.text:HWA_open)
                  0000e57c    00000184     objectdetection.oer4f (.text:DPC_ObjectDetection_init)
                  0000e700    00000184     sysbios.aer4ft : BIOS.obj (.text:xdc_runtime_LoggerBuf_write8__E)
                  0000e884    00000180     libdpm_xwr68xx.aer4f : dpm_core.oer4f (.text:DPM_init)
                  0000ea04    00000180                          : dpm_msg.oer4f (.text:DPM_msgRecv)
                  0000eb84    00000180     mmwdemo_rfparser.oer4f (.text:MmwDemo_RFParser_setAoAParams)
                  0000ed04    0000017c     main.oer4f (.text:MmwDemo_transmitProcessedOutput)
                  0000ee80    00000174     gesture.oer4f (.text:Computefeatures_DOABased)
                  0000eff4    00000174     objectdetection.oer4f (.text:DPC_ObjDet_preStartConfig)
                  0000f168    00000170     libgpio_xwr68xx.aer4f : gpio.oer4f (.text:GPIO_setConfig)
                  0000f2d8    0000016c     objectdetection.oer4f (.text:DPC_ObjDet_dopplerConfig)
                  0000f444    0000000c     libmmwave_xwr68xx.aer4f : mmwave_dualcore.oer4f (.text:MMWave_deviceMailboxCallbackFxn)
                  0000f450    0000016c     sysbios.aer4ft : BIOS.obj (.text:ti_sysbios_knl_Semaphore_post__E)
                  0000f5bc    00000168     main.oer4f (.text:MmwDemo_openSensor)
                  0000f724    0000000c     libmmwave_xwr68xx.aer4f : mmwave_osal.oer4f (.text:MMWave_osalMutexUnlock)
                  0000f730    00000168     sysbios.aer4ft : BIOS.obj (.text:ti_sysbios_family_arm_exc_Exception_excHandler__I)
                  0000f898    00000164     mmw_lvds_stream.oer4f (.text:MmwDemo_LVDSStreamInit)
                  0000f9fc    00000164     mmw_lvds_stream.oer4f (.text:MmwDemo_LVDSStreamSwConfig)
                  0000fb60    00000160     sysbios.aer4ft : BIOS.obj (.text:ti_sysbios_family_arm_v7r_vim_Hwi_reconfig__E)
                  0000fcc0    00000158                    : BIOS.obj (.text:ti_sysbios_knl_Task_postInit__I)
                  0000fe18    0000014c     libcli_xwr68xx.aer4f : cli_mmwave.oer4f (.text:CLI_MMWaveFrameCfg)
                  0000ff64    0000014c     libmmwave_xwr68xx.aer4f : mmwave_link.oer4f (.text:MMWave_initMMWaveLink)
                  000100b0    0000014c     main.oer4f (.text:MmwDemo_startSensor)
                  000101fc    0000014a     libuart_xwr68xx.aer4f : uartsci.oer4f (.text:UartSci_ISR)
                  00010346    00000148     libstaticclutterproc_xwr68xx.aer4f : staticclutterproc.oer4f (.text:DPU_StaticClutterProc_configEdma)
                  0001048e    00000002     --HOLE-- [fill = 0]
                  00010490    00000148     libhsiheader_xwr68xx.aer4f : hsiheader.oer4f (.text:HSIHeader_init)
                  000105d8    00000148     mmw_cli.oer4f (.text:MmwDemo_CLILvdsStreamCfg)
                  00010720    00000148     libmmwavelink_xwr68xx.aer4f : rl_driver.oer4f (.text:rlDriverCmdSendRetry)
                  00010868    00000008     libosal_xwr68xx.aer4f : HwiP_tirtos.oer4f (.text:HwiP_disable)
                  00010870    00000140     sysbios.aer4ft : BIOS.obj (.text:ti_sysbios_heaps_HeapMem_Instance_init__E)
                  000109b0    00000140                    : BIOS.obj (.text:xdc_runtime_Core_createObject__I)
                  00010af0    0000013c     mmw_lvds_stream.oer4f (.text:MmwDemo_LVDSStreamDeleteHwSession)
                  00010c2c    00000004     libmmwave_xwr68xx.aer4f : mmwave_link.oer4f (.text:MMWave_disableDevice)
                  00010c30    0000013c     sysbios.aer4ft : BIOS.obj (.text:ti_sysbios_knl_Clock_workFunc__E)
                  00010d6c    00000134     libadcbuf_xwr68xx.aer4f : adcbuf_mmwave.oer4f (.text:ADCBUF_MMWave_open)
                  00010ea0    00000134     libcfarcaproc_hwa_xwr68xx.aer4f : cfarcaprochwa.oer4f (.text:DPU_CFARCAProcHWA_config)
                  00010fd4    0000000c     libmmwave_xwr68xx.aer4f : mmwave_osal.oer4f (.text:MMWave_osalSemSignal)
                  00010fe0    00000134     sysbios.aer4ft : BIOS.obj (.text:xdc_runtime_Startup_startMods__I)
                  00011114    00000130     mmw_lvds_stream.oer4f (.text:MmwDemo_LVDSStreamDeleteSwSession)
                  00011244    00000130     main.oer4f (.text:MmwDemo_transferLVDSUserData)
                  00011374    00000130     main.oer4f (.text:main)
                  000114a4    0000012c     libcfarcaproc_hwa_xwr68xx.aer4f : cfarcaprochwa.oer4f (.text:HWAutil_configCFAR)
                  000115d0    0000012c     rangeprochwa.oer4f (.text:rangeProcHWA_ConfigEDMADummyThreeLinks)
                  000116fc    00000128     main.oer4f (.text:MmwDemo_MMWave_stop)
                  00011824    00000128     data_path.oer4f (.text:MmwDemo_edmaOpen)
                  0001194c    00000128     libmathutils.aer4f : mathutils.oer4f (.text:mathUtils_genWindow)
                  00011a74    0000000c     libuart_xwr68xx.aer4f : UART.oer4f (.text:UART_Params_init)
                  00011a80    00000128     sysbios.aer4ft : BIOS.obj (.text:ti_sysbios_utils_Load_updateThreadContexts__E)
                  00011ba8    00000124     libcli_xwr68xx.aer4f : cli_mmwave.oer4f (.text:CLI_MMWaveAdvFrameCfg)
                  00011ccc    00000124                          : cli_mmwave.oer4f (.text:CLI_MMWaveContModeCfg)
                  00011df0    00000124     libedma_xwr68xx.aer4f : edma.oer4f (.text:EDMA_init)
                  00011f14    00000124     main.oer4f (.text:MmwDemo_stopSensor)
                  00012038    00000008     libmmwave_xwr68xx.aer4f : mmwave.oer4f (.text:MMWave_decodeErrorLevel)
                  00012040    00000120     sysbios.aer4ft : BIOS.obj (.text:xdc_runtime_LoggerBuf_write4__E)
                  00012160    0000011c     gesture.oer4f (.text:Computefeatures_RDIBased)
                  0001227c    00000004     libmmwave_xwr68xx.aer4f : mmwave_link.oer4f (.text:MMWave_enableDevice)
                  00012280    00000118     sysbios.aer4ft : BIOS.obj (.text:ti_sysbios_family_arm_v7r_vim_Hwi_Instance_init__E)
                  00012398    00000116     mmw_cli.oer4f (.text:MmwDemo_CLICalibDcRangeSig)
                  000124ae    00000002     --HOLE-- [fill = 0]
                  000124b0    00000114     libedma_xwr68xx.aer4f : edma.oer4f (.text:EDMA_configErrorMonitoring)
                  000125c4    00000114     main.oer4f (.text:MmwDemo_dataPathStart)
                  000126d8    00000110     libedma_xwr68xx.aer4f : edma.oer4f (.text:EDMA_transferComplete_isr)
                  000127e8    00000110     mmw_cli.oer4f (.text:MmwDemo_CLIAnalogMonitorCfg)
                  000128f8    0000010c     libdpedma_hwa_xwr68xx.aer4f : dpedma.oer4f (.text:DPEDMA_configSyncAB)
                  00012a04    0000010c     libdpm_xwr68xx.aer4f : dpm_msg.oer4f (.text:DPM_msgResultHandler)
                  00012b10    0000010c     libmmwave_xwr68xx.aer4f : mmwave_link.oer4f (.text:MMWave_asyncEventHandler)
                  00012c1c    0000010c                             : mmwave_dualcore.oer4f (.text:MMWave_deviceInitFxn)
                  00012d28    00000008                             : mmwave_link.oer4f (.text:MMWave_mboxCallbackFxn)
                  00012d30    0000010c     sysbios.aer4ft : BIOS.obj (.text:ti_sysbios_knl_Task_schedule__I)
                  00012e3c    00000004     libmmwave_xwr68xx.aer4f : mmwave_listlib.oer4f (.text:MMWave_listGetHead)
                  00012e40    0000010c     sysbios.aer4ft : BIOS.obj (.text:xdc_runtime_Core_constructObject__I)
                  00012f4c    00000108     libdma_xwr68xx.aer4f : dma.oer4f (.text:DMA_disableInterrupt)
                  00013054    00000108     libmailbox_xwr68xx.aer4f : mailbox.oer4f (.text:Mailbox_write)
                  0001315c    00000108     mmw_cli.oer4f (.text:MmwDemo_CLICfarCfg)
                  00013264    00000104     libcbuff_xwr68xx.aer4f : cbuff.oer4f (.text:CBUFF_deinit)
                  00013368    00000104     libdpedma_hwa_xwr68xx.aer4f : dpedma.oer4f (.text:DPEDMA_configSyncA_singleFrame)
                  0001346c    00000104     libmmwave_xwr68xx.aer4f : mmwave_link.oer4f (.text:MMWave_startLink)
                  00013570    00000104     mmw_cli.oer4f (.text:MmwDemo_CLIChirpQualityRxSatMonCfg)
                  00013674    00000104     mmw_cli.oer4f (.text:MmwDemo_CLICompRangeBiasAndRxChanPhaseCfg)
                  00013778    00000008     libosal_xwr68xx.aer4f : MemoryP_tirtos.oer4f (.text:MemoryP_getStats)
                  00013780    00000104     sysbios.aer4ft : BIOS.obj (.text:ti_sysbios_timers_rti_Timer_getFreq__E)
                  00013884    00000100     libcli_xwr68xx.aer4f : cli_mmwave.oer4f (.text:CLI_MMWaveBPMCfgAdvanced)
                  00013984    00000100     libdma_xwr68xx.aer4f : dma.oer4f (.text:DMA_clearChannelInterruptFlag)
                  00013a84    00000100     libmmwavelink_xwr68xx.aer4f : rl_driver.oer4f (.text:rlDriverInit)
                  00013b84    000000fc     libcbuff_xwr68xx.aer4f : cbuff.oer4f (.text:CBUFF_deleteSession)
                  00013c80    000000fc     libcrc_xwr68xx.aer4f : crc.oer4f (.text:CRC_computeSignature)
                  00013d7c    000000fc     mmw_cli.oer4f (.text:MmwDemo_CLIADCBufCfg)
                  00013e78    00000008     data_path.oer4f (.text:MmwDemo_dataPathObjInit)
                  00013e80    000000fc     sysbios.aer4ft : BIOS.obj (.text:ti_sysbios_knl_Task_exit__E)
                  00013f7c    000000f8     mmw_lvds_stream.oer4f (.text:MmwDemo_configLVDSHwData)
                  00014074    000000f8     libmmwavelink_xwr68xx.aer4f : rl_driver.oer4f (.text:rlDriverRdVerifyMsg)
                  0001416c    000000f8     mmw_per4ft.oer4ft (.text:xdc_runtime_System_printfExtend__I)
                  00014264    0000000c     libuart_xwr68xx.aer4f : uartsci_dma.oer4f (.text:UartSci_isDMAEnabled)
                  00014270    000000f0     sysbios.aer4ft : BIOS.obj (.text:ti_sysbios_family_arm_v7r_vim_Hwi_Module_startup__E)
                  00014360    000000f0                    : BIOS.obj (.text:ti_sysbios_knl_Task_startCore__E)
                  00014450    000000f0                    : BIOS.obj (.text:ti_sysbios_utils_Load_taskCreateHook__E)
                  00014540    000000ec     rtsv7R4_T_le_v3D16_eabi.lib : s_scalbn.obj (.text)
                  0001462c    00000004     libmmwave_xwr68xx.aer4f : mmwave_listlib.oer4f (.text:MMWave_listGetNext)
                  00014630    000000ec     sysbios.aer4ft : BIOS.obj (.text:ti_sysbios_heaps_HeapBuf_Module_startup__E)
                  0001471c    000000ea     libdpedma_hwa_xwr68xx.aer4f : dpedmahwa.oer4f (.text:DPEDMAHWA_configTwoHotSignature)
                  00014806    00000002     --HOLE-- [fill = 0]
                  00014808    000000e8     cli.oer4f (.text:CLI_open)
                  000148f0    000000e8     mmw_cli.oer4f (.text:MmwDemo_CLIChirpQualitySigImgMonCfg)
                  000149d8    000000e7     objectdetection.oer4f (.text:DPC_ObjectDetection_frameStart)
                  00014abf    00000001     --HOLE-- [fill = 0]
                  00014ac0    000000e6     main.oer4f (.text:MmwDemo_setSubFramePendingState)
                  00014ba6    000000e4     ann_utils.oer4f (.text:annUtils_inference)
                  00014c8a    00000002     --HOLE-- [fill = 0]
                  00014c8c    000000e4     libmmwavelink_xwr68xx.aer4f : rl_sensor.oer4f (.text:rlRfPhShiftCalibDataRestore)
                  00014d70    000000e2     libedma_xwr68xx.aer4f : edma.oer4f (.text:EDMA_paramConfig_assist)
                  00014e52    00000002     --HOLE-- [fill = 0]
                  00014e54    000000e0     libdma_xwr68xx.aer4f : dma.oer4f (.text:DMA_enableInterrupt)
                  00014f34    000000e0     libcfarcaproc_hwa_xwr68xx.aer4f : cfarcaprochwa.oer4f (.text:DPU_CFARCAProcHWA_control)
                  00015014    000000e0     rtsv7R4_T_le_v3D16_eabi.lib : s_floor.obj (.text)
                  000150f4    000000dc     libmmwave_xwr68xx.aer4f : mmwave.oer4f (.text:MMWave_init)
                  000151d0    000000dc     libmmwavelink_xwr68xx.aer4f : rl_driver.oer4f (.text:rlDriverMsgCmdReply)
                  000152ac    000000dc     rtsv7R4_T_le_v3D16_eabi.lib : setvbuf.obj (.text)
                  00015388    000000d8     dopplerprochwa.oer4f (.text:DPU_DopplerProcHWA_init)
                  00015460    000000d4     libmailbox_xwr68xx.aer4f : mailbox.oer4f (.text:Mailbox_read)
                  00015534    000000d4     rangeprochwa.oer4f (.text:rangeProcHWA_ConfigEDMA_DataIn)
                  00015608    000000d4     libmmwavelink_xwr68xx.aer4f : rl_sensor.oer4f (.text:rlSetMultiBpmChirpConfig)
                  000156dc    00000004     libmmwave_xwr68xx.aer4f : mmwave_link.oer4f (.text:MMWave_mboxClose)
                  000156e0    000000d4     sysbios.aer4ft : BIOS.obj (.text:ti_sysbios_utils_Load_logLoads__I)
                  000157b4    000000d0     rangeprochwa.oer4f (.text:DPU_RangeProcHWA_control)
                  00015884    000000d0     libsoc_xwr68xx.aer4f : soc_xwr68xx_mss.oer4f (.text:SOC_controlSecureFirewall)
                  00015954    000000d0     sysbios.aer4ft : exc_Exception_asm.obj (.text:ti_sysbios_family_arm_exc_Exception_excHandlerAsm__I)
                  00015a24    0000000c                    : arm_IntrinsicsSupport_asm.obj (.text:_ti_sysbios_family_arm_IntrinsicsSupport_maxbitA)
                  00015a30    000000d0                    : BIOS.obj (.text:ti_sysbios_utils_Load_idleFxn__E)
                  00015b00    000000d0                    : BIOS.obj (.text:xdc_runtime_LoggerBuf_Instance_init__E)
                  00015bd0    000000cc     gesture.oer4f (.text:Computefeatures_Hybrid)
                  00015c9c    000000cc     objectdetection.oer4f (.text:DPC_ObjDet_staticClutterConfig)
                  00015d68    000000cc     libhwa_xwr68xx.aer4f : hwa.oer4f (.text:HWA_enableParamSetInterrupt)
                  00015e34    000000cc     libmmwavelink_xwr68xx.aer4f : rl_sensor.oer4f (.text:rlRfCalibDataRestore)
                  00015f00    000000cc                                 : rl_sensor.oer4f (.text:rlSetChirpConfig)
                  00015fcc    000000cc     rtsv7R4_T_le_v3D16_eabi.lib : fflush.obj (.text)
                  00016098    00000008     libosal_xwr68xx.aer4f : SemaphoreP_tirtos.oer4f (.text:SemaphoreP_Params_init)
                  000160a0    000000cc     sysbios.aer4ft : BIOS.obj (.text:ti_sysbios_knl_Task_checkStacks__E)
                  0001616c    000000ca     libdpedma_hwa_xwr68xx.aer4f : dpedmahwa.oer4f (.text:DPEDMAHWA_configOneHotSignature)
                  00016236    00000002     --HOLE-- [fill = 0]
                  00016238    000000c8     libmmwave_xwr68xx.aer4f : mmwave_fullcfg.oer4f (.text:MMWave_addChirp)
                  00016300    000000c8                             : mmwave_link.oer4f (.text:MMWave_configBPM)
                  000163c8    000000c8                             : mmwave_fullcfg.oer4f (.text:MMWave_flushCfg)
                  00016490    000000c8                             : mmwave_fullcfg.oer4f (.text:MMWave_getChirpHandle)
                  00016558    000000c8     libsoc_xwr68xx.aer4f : soc_xwr68xx.oer4f (.text:SOC_ungateClock)
                  00016620    000000c8     libmmwavelink_xwr68xx.aer4f : rl_sensor.oer4f (.text:rlSetFrameConfig)
                  000166e8    000000c4     libcbuff_xwr68xx.aer4f : cbuff_transfer.oer4f (.text:CBUFF_setupNonInterleaved_CP_ADC_CQ)
                  000167ac    000000c4     cli.oer4f (.text:CLI_help)
                  00016870    000000c4     libdpm_xwr68xx.aer4f : dpm_core.oer4f (.text:DPM_deinit)
                  00016934    000000c4                          : dpm_core.oer4f (.text:DPM_ioctl)
                  000169f8    00000008     rangeprochwa.oer4f (.text:rangeProcHWADoneIsrCallback)
                  00016a00    000000c4     sysbios.aer4ft : BIOS.obj (.text:ti_sysbios_family_arm_v7a_Pmu_configureCounter__E)
                  00016ac4    000000c0     rangeprochwa.oer4f (.text:DPU_RangeProcHWA_init)
                  00016b84    000000c0     libmmwavelink_xwr68xx.aer4f : rl_driver.oer4f (.text:rlDriverMsgWrite)
                  00016c44    0000000c     rtsv7R4_T_le_v3D16_eabi.lib : copy_zero_init.obj (.text:decompress:ZI)
                  00016c50    000000c0     sysbios.aer4ft : BIOS.obj (.text:ti_sysbios_timers_rti_Timer_startup__E)
                  00016d10    000000bc     libgpio_xwr68xx.aer4f : gpio.oer4f (.text:GPIO_write)
                  00016dcc    000000bc     libmmwave_xwr68xx.aer4f : mmwave_link.oer4f (.text:MMWave_computeCRC)
                  00016e88    000000bc     mmw_lvds_stream.oer4f (.text:MmwDemo_LVDSStream_EDMAInit)
                  00016f44    000000bc     rtsv7R4_T_le_v3D16_eabi.lib : open.obj (.text)
                  00017000    000000b8     libcbuff_xwr68xx.aer4f : cbuff.oer4f (.text:CBUFF_ISR)
                  000170b8    000000b8                            : cbuff_transfer.oer4f (.text:CBUFF_setupTransfer)
                  00017170    000000b8     libdma_xwr68xx.aer4f : dma.oer4f (.text:DMA_getChannelInterruptFlag)
                  00017228    000000b8     rtsv7R4_T_le_v3D16_eabi.lib : k_cos.obj (.text)
                  000172e0    000000b6     libsoc_xwr68xx.aer4f : soc_mpu.o (.text)
                  00017396    00000002     --HOLE-- [fill = 0]
                  00017398    000000b4     libedma_xwr68xx.aer4f : edma.oer4f (.text:EDMA_startTransfer)
                  0001744c    00000004     libmmwave_xwr68xx.aer4f : mmwave_link.oer4f (.text:MMWave_mboxRead)
                  00017450    000000b4     sysbios.aer4ft : BIOS.obj (.text:ti_sysbios_gates_GateMutex_enter__E)
                  00017504    0000000c     libmmwavelink_xwr68xx.aer4f : rl_driver.oer4f (.text:rlDriverGetPlatformId)
                  00017510    000000b4     sysbios.aer4ft : BIOS.obj (.text:xdc_runtime_LoggerBuf_setFilterLevel__E)
                  000175c4    000000b2     libuart_xwr68xx.aer4f : uartsci_dma.oer4f (.text:UartSci_openDMA)
                  00017676    00000002     --HOLE-- [fill = 0]
                  00017678    000000b0     libcbuff_xwr68xx.aer4f : cbuff.oer4f (.text:CBUFF_deactivateSession)
                  00017728    000000b0     gesture.oer4f (.text:FindGesture)
                  000177d8    000000b0     libmmwave_xwr68xx.aer4f : mmwave_fullcfg.oer4f (.text:MMWave_addProfile)
                  00017888    000000b0     libmmwavelink_xwr68xx.aer4f : rl_sensor.oer4f (.text:rlSetProfileConfig)
                  00017938    00000008                                 : rl_driver.oer4f (.text:rlDriverConstructOutMsg)
                  00017940    000000b0     sysbios.aer4ft : BIOS.obj (.text:ti_sysbios_utils_Load_updateLoads__E)
                  000179f0    000000b0                    : BIOS.obj (.text:xdc_runtime_Text_putMod__E)
                  00017aa0    000000ae     mmwdemo_adcconfig.oer4f (.text:MmwDemo_ADCBufConfig)
                  00017b4e    000000ae     rtsv7R4_T_le_v3D16_eabi.lib : _io_perm.obj (.text)
                  00017bfc    000000ac     libaoaproc_hwa_xwr68xx.aer4f : aoaprochwa.oer4f (.text:AoAProcHWA_ConvertFov)
                  00017ca8    000000ac     libesm_xwr68xx.aer4f : esm.oer4f (.text:ESM_processInterrupt)
                  00017d54    000000ac     main.oer4f (.text:MmwDemo_isAllCfgInPendingState)
                  00017e00    000000ac     main.oer4f (.text:MmwDemo_measurementResultOutput)
                  00017eac    00000004     libmmwave_xwr68xx.aer4f : mmwave_link.oer4f (.text:MMWave_registerInterruptHandler)
                  00017eb0    000000ac     sysbios.aer4ft : BIOS.obj (.text:ti_sysbios_knl_Task_Module_startup__E)
                  00017f5c    00000004     libmmwave_xwr68xx.aer4f : mmwave_link.oer4f (.text:MMWave_unmaskHostIRQ)
                  00017f60    000000ac     sysbios.aer4ft : BIOS.obj (.text:ti_sysbios_utils_Load_startup__E)
                  0001800c    000000a8     libadcbuf_xwr68xx.aer4f : adcbuf_mmwave.oer4f (.text:ADCBUF_MMWave_getChanBufAddr)
                  000180b4    000000a8     libcli_xwr68xx.aer4f : cli_mmwave.oer4f (.text:CLI_MMWaveExtensionHelp)
                  0001815c    000000a8     objectdetection.oer4f (.text:DPC_ObjectDetection_start)
                  00018204    000000a8     libedma_xwr68xx.aer4f : edma_low_level.oer4f (.text:EDMA3Init)
                  000182ac    000000a8     libmmwave_xwr68xx.aer4f : mmwave_link.oer4f (.text:MMWave_configureProfileChirp)
                  00018354    000000a8                             : mmwave_fullcfg.oer4f (.text:MMWave_getBpmChirpHandle)
                  000183fc    000000a8     libpinmux_xwr68xx.aer4f : pinmux.oer4f (.text:Pinmux_Set_OverrideCtrl)
                  000184a4    000000a8     libsoc_xwr68xx.aer4f : soc.oer4f (.text:SOC_deregisterSysIntListener)
                  0001854c    000000a8     libmmwavelink_xwr68xx.aer4f : rl_driver.oer4f (.text:rlDriverWaitForResponse)
                  000185f4    000000a8                                 : rl_sensor.oer4f (.text:rlSetAdvFrameConfig)
                  0001869c    000000a4     libdma_xwr68xx.aer4f : dma.oer4f (.text:DMA_assignChannel)
                  00018740    000000a4     libesm_xwr68xx.aer4f : esm.oer4f (.text:ESM_init)
                  000187e4    000000a4     libmmwave_xwr68xx.aer4f : mmwave_fullcfg.oer4f (.text:MMWave_addBpmChirp)
                  00018888    000000a4                             : mmwave.oer4f (.text:MMWave_start)
                  0001892c    000000a4     libsoc_xwr68xx.aer4f : soc_xwr68xx_mss.oer4f (.text:SOC_unhaltDSS)
                  000189d0    000000a4     rtsv7R4_T_le_v3D16_eabi.lib : k_sin.obj (.text)
                  00018a74    000000a3     data_path.oer4f (.text:MmwDemo_edmaInit)
                  00018b17    00000001     --HOLE-- [fill = 0]
                  00018b18    00000008     libmmwavelink_xwr68xx.aer4f : rl_driver.oer4f (.text:rlDriverGetHandle)
                  00018b20    000000a2     sysbios.aer4ft : BIOS.obj (.text:xdc_runtime_Text_putSite__E)
                  00018bc2    00000002     --HOLE-- [fill = 0]
                  00018bc4    000000a0     libsoc_xwr68xx.aer4f : soc.oer4f (.text:SOC_registerSysIntListener)
                  00018c64    000000a0     auto_init.aer4ft : auto_init.oer4ft (.text)
                  00018d04    0000000c     sysbios.aer4ft : BIOS.obj (.text:ti_sysbios_family_arm_v7a_Pmu_configureCounterI__I)
                  00018d10    000000a0                    : BIOS.obj (.text:ti_sysbios_knl_Task_blockI__E)
                  00018db0    0000009c     libmmwave_xwr68xx.aer4f : mmwave_link.oer4f (.text:MMWave_configLink)
                  00018e4c    0000009c                             : mmwave_fullcfg.oer4f (.text:MMWave_getProfileHandle)
                  00018ee8    0000009c     mmw_cli.oer4f (.text:MmwDemo_CLIMeasureRangeBiasAndRxChanPhaseCfg)
                  00018f84    0000009c     libuart_xwr68xx.aer4f : uartsci.oer4f (.text:UartSci_write)
                  00019020    0000009c     rtsv7R4_T_le_v3D16_eabi.lib : memcpy_t2.obj (.text)
                  000190bc    00000004     libmmwave_xwr68xx.aer4f : mmwave_link.oer4f (.text:MMWave_waitIRQStatus)
                  000190c0    0000009c     sysbios.aer4ft : BIOS.obj (.text:ti_sysbios_family_arm_v7r_vim_Hwi_initIntController__I)
                  0001915c    00000004     data_path.oer4f (.text:MmwDemo_hwaInit)
                  00019160    0000009c     sysbios.aer4ft : BIOS.obj (.text:ti_sysbios_family_arm_v7r_vim_Hwi_mapChannel__I)
                  000191fc    00000004     main.oer4f (.text:MmwDemo_sleep)
                  00019200    0000009c     sysbios.aer4ft : BIOS.obj (.text:ti_sysbios_knl_Semaphore_Instance_init__E)
                  0001929c    0000009a     libdpm_xwr68xx.aer4f : dpm_msg.oer4f (.text:DPM_msgResponseHandler)
                  00019336    00000002     --HOLE-- [fill = 0]
                  00019338    00000098     libaoaproc_hwa_xwr68xx.aer4f : aoaprochwa.oer4f (.text:DPU_AoAProcHWA_control)
                  000193d0    00000098     libmmwave_xwr68xx.aer4f : mmwave_fullcfg.oer4f (.text:MMWave_getChirpCfg)
                  00019468    00000098     mmwdemo_rfparser.oer4f (.text:MmwDemo_RFParser_parseConfig)
                  00019500    00000098     main.oer4f (.text:MmwDemo_isAllCfgInNonPendingState)
                  00019598    00000098     rtsv7R4_T_le_v3D16_eabi.lib : fclose.obj (.text)
                  00019630    00000098                                 : fputc.obj (.text)
                  000196c8    00000098     sysbios.aer4ft : vim_Hwi_asm_switch.obj (.text)
                  00019760    00000098                    : BIOS.obj (.text:ti_sysbios_utils_Load_taskDeleteHook__E)
                  000197f8    00000096     libedma_xwr68xx.aer4f : edma.oer4f (.text:EDMA_getErrorStatusInfo)
                  0001988e    00000096     libhwa_xwr68xx.aer4f : hwa.oer4f (.text:HWA_configRam)
                  00019924    00000096     libuart_xwr68xx.aer4f : uartsci.oer4f (.text:UartSci_readChar)
                  000199ba    00000094     libcbuff_xwr68xx.aer4f : cbuff_transfer.oer4f (.text:CBUFF_setupNonInterleaved_ADC)
                  00019a4e    00000002     --HOLE-- [fill = 0]
                  00019a50    00000094     mmw_lvds_stream.oer4f (.text:MmwDemo_LVDSStream_EDMAAllocateCBUFFHwChannel)
                  00019ae4    00000094     mmw_lvds_stream.oer4f (.text:MmwDemo_LVDSStream_EDMAAllocateCBUFFSwChannel)
                  00019b78    00000094     libsoc_xwr68xx.aer4f : soc_xwr68xx.oer4f (.text:SOC_gateClock)
                  00019c0c    00000094     libmmwavelink_xwr68xx.aer4f : rl_driver.oer4f (.text:rlDriverDeInit)
                  00019ca0    00000094                                 : rl_driver.oer4f (.text:rlDriverMsgReadCmdCtx)
                  00019d34    00000094                                 : rl_driver.oer4f (.text:rlDriverProcRdMsg)
                  00019dc8    00000094     sysbios.aer4ft : vim_Hwi_asm.obj (.text:ti_sysbios_family_arm_v7r_vim_Hwi_dispatchIRQ__I)
                  00019e5c    00000090     libgpio_xwr68xx.aer4f : gpio.oer4f (.text:GPIO_init)
                  00019eec    00000090     libmailbox_xwr68xx.aer4f : mailbox.oer4f (.text:Mailbox_close)
                  00019f7c    00000090     libuart_xwr68xx.aer4f : uartsci_dma.oer4f (.text:UartSci_initiateTxDMA)
                  0001a00c    00000090                           : uartsci.oer4f (.text:UartSci_read)
                  0001a09c    00000090     ann_utils.oer4f (.text:annUtils_softMax)
                  0001a12c    00000004     rtsv7R4_T_le_v3D16_eabi.lib : error.obj (.text)
                  0001a130    00000090     sysbios.aer4ft : BIOS.obj (.text:ti_sysbios_family_arm_v7a_Pmu_startCounter__E)
                  0001a1c0    00000090                    : BIOS.obj (.text:ti_sysbios_knl_Task_unblockI__E)
                  0001a250    00000090                    : BIOS.obj (.text:xdc_runtime_LoggerBuf_getFilterLevel__E)
                  0001a2e0    0000008c     libcli_xwr68xx.aer4f : cli_mmwave.oer4f (.text:CLI_MMWaveDataOutputMode)
                  0001a36c    0000008c     libsoc_xwr68xx.aer4f : soc.oer4f (.text:SOC_init)
                  0001a3f8    0000008c                          : soc_xwr68xx.oer4f (.text:SOC_translateAddress)
                  0001a484    0000008c     libuart_xwr68xx.aer4f : uartsci_dma.oer4f (.text:UartSci_initiateRxDMA)
                  0001a510    0000008c     libmmwavelink_xwr68xx.aer4f : rl_device.oer4f (.text:rlDevicePowerOn)
                  0001a59c    0000008c                                 : rl_driver.oer4f (.text:rlDriverMsgReadSpawnCtx)
                  0001a628    00000008     sysbios.aer4ft : BIOS.obj (.text:ti_sysbios_family_arm_v7a_Pmu_getEnabled__E)
                  0001a630    0000008c                    : BIOS.obj (.text:ti_sysbios_family_arm_v7a_Pmu_getCount__E)
                  0001a6bc    00000004     mmw_per4ft.oer4ft (.text:ti_sysbios_BIOS_RtsGateProxy_enter__E)
                  0001a6c0    0000008c     sysbios.aer4ft : BIOS.obj (.text:ti_sysbios_family_arm_v7r_vim_Hwi_Instance_finalize__E)
                  0001a74c    00000004     mmw_per4ft.oer4ft (.text:ti_sysbios_BIOS_RtsGateProxy_leave__E)
                  0001a750    0000008c     sysbios.aer4ft : BIOS.obj (.text:xdc_runtime_Memory_alloc__E)
                  0001a7dc    00000088     libhwa_xwr68xx.aer4f : hwa.oer4f (.text:HWA_disableParamSetInterrupt)
                  0001a864    00000088     libmmwave_xwr68xx.aer4f : mmwave_fullcfg.oer4f (.text:MMWave_getProfileCfg)
                  0001a8ec    00000088     rtsv7R4_T_le_v3D16_eabi.lib : vsnprintf.obj (.text)
                  0001a974    00000086     libcbuff_xwr68xx.aer4f : cbuff_edma.oer4f (.text:CBUFF_closeEDMA)
                  0001a9fa    00000002     --HOLE-- [fill = 0]
                  0001a9fc    00000084     libmmwave_xwr68xx.aer4f : mmwave_dualcore.oer4f (.text:MMWave_deviceCfgAsyncEvent)
                  0001aa80    00000084                             : mmwave_dualcore.oer4f (.text:MMWave_deviceEventFxn)
                  0001ab04    00000084                             : mmwave_fullcfg.oer4f (.text:MMWave_getNumBpmChirp)
                  0001ab88    00000084                             : mmwave.oer4f (.text:MMWave_open)
                  0001ac0c    00000084     main.oer4f (.text:MmwDemo_configSensor)
                  0001ac90    00000083     objectdetection.oer4f (.text:DPC_ObjectDetection_stop)
                  0001ad13    00000001     --HOLE-- [fill = 0]
                  0001ad14    00000082     libhwa_xwr68xx.aer4f : hwa.oer4f (.text:HWA_paramDoneISR)
                  0001ad96    00000002     --HOLE-- [fill = 0]
                  0001ad98    00000081     libcbuff_xwr68xx.aer4f : cbuff_edma.oer4f (.text:CBUFF_setupEDMAShadowLink)
                  0001ae19    00000003     --HOLE-- [fill = 0]
                  0001ae1c    00000080     libcli_xwr68xx.aer4f : cli_mmwave.oer4f (.text:CLI_MMWaveChannelCfg)
                  0001ae9c    00000080     libdpm_xwr68xx.aer4f : dpm_mailbox.oer4f (.text:DPM_mboxRemoteMailboxCallbackFxn)
                  0001af1c    00000080     libmmwave_xwr68xx.aer4f : mmwave_fullcfg.oer4f (.text:MMWave_getBpmChirpCfg)
                  0001af9c    00000080     mmw_cli.oer4f (.text:MmwDemo_CLIAoAFovCfg)
                  0001b01c    00000080     libsoc_xwr68xx.aer4f : soc.oer4f (.text:SOC_getDeviceRFFreqScaleFactor)
                  0001b09c    00000080     libuart_xwr68xx.aer4f : uartsci.oer4f (.text:UartSci_writePolling)
                  0001b11c    00000080     libmmwavelink_xwr68xx.aer4f : rl_driver.oer4f (.text:rlDriverExecuteGetApi)
                  0001b19c    00000004     mmw_per4ft.oer4ft (.text:ti_sysbios_family_arm_TaskSupport_Module__startupDone__S)
                  0001b1a0    00000080     sysbios.aer4ft : BIOS.obj (.text:ti_sysbios_timers_rti_Timer_initDevice__I)
                  0001b220    0000007e     objectdetection.oer4f (.text:DPC_ObjDet_GetRxChPhaseComp)
                  0001b29e    00000002     --HOLE-- [fill = 0]
                  0001b2a0    0000007e     libosal_xwr68xx.aer4f : HwiP_tirtos.oer4f (.text:HwiP_create)
                  0001b31e    00000002     --HOLE-- [fill = 0]
                  0001b320    0000007d     libcbuff_xwr68xx.aer4f : cbuff_lvds.oer4f (.text:CBUFF_initLVDSLinkListParams)
                  0001b39d    00000003     --HOLE-- [fill = 0]
                  0001b3a0    0000007c     libdpm_xwr68xx.aer4f : dpm_pipe.oer4f (.text:DPM_pipeSend)
                  0001b41c    0000007c     libedma_xwr68xx.aer4f : edma.oer4f (.text:EDMA_clearErrors)
                  0001b498    0000007c     libmmwave_xwr68xx.aer4f : mmwave_dualcore.oer4f (.text:MMWave_deviceOpenFxn)
                  0001b514    0000007c     libmailbox_xwr68xx.aer4f : mailbox.oer4f (.text:Mailbox_init)
                  0001b590    0000007c     mmw_lvds_stream.oer4f (.text:MmwDemo_LVDSStream_SwTriggerFrameDone)
                  0001b60c    0000007c     libuart_xwr68xx.aer4f : uartsci.oer4f (.text:UartSci_readPolling)
                  0001b688    0000007c     sysbios.aer4ft : arm_TaskSupport_asm.obj (.text:_ti_sysbios_family_arm_TaskSupport_buildTaskStack)
                  0001b704    0000000c                    : BIOS.obj (.text:ti_sysbios_family_arm_v7a_Pmu_getCountI__E)
                  0001b710    0000007c                    : BIOS.obj (.text:xdc_runtime_Core_deleteObject__I)
                  0001b78c    0000007b     mmw_cli.oer4f (.text:MmwDemo_CLIGetSubframe)
                  0001b807    00000001     --HOLE-- [fill = 0]
                  0001b808    0000007a     rtsv7R4_T_le_v3D16_eabi.lib : memset_t2.obj (.text)
                  0001b882    00000002     --HOLE-- [fill = 0]
                  0001b884    00000078     libadcbuf_xwr68xx.aer4f : adcbuf_mmwave.oer4f (.text:ADCBUF_MMWave_getCQBufAddr)
                  0001b8fc    00000078     libcbuff_xwr68xx.aer4f : cbuff_transfer.oer4f (.text:CBUFF_configUserBufferEDMA)
                  0001b974    00000078                            : cbuff.oer4f (.text:CBUFF_setVC)
                  0001b9ec    00000078     libcli_xwr68xx.aer4f : cli_mmwave.oer4f (.text:CLI_MMWaveADCCfg)
                  0001ba64    00000078     libedma_xwr68xx.aer4f : edma.oer4f (.text:EDMA_configParamSet)
                  0001badc    00000078     libmmwave_xwr68xx.aer4f : mmwave_fullcfg.oer4f (.text:MMWave_getNumChirps)
                  0001bb54    00000074     objectdetection.oer4f (.text:DPC_ObjDet_reconfigSubFrame)
                  0001bbc8    00000074     libmmwave_xwr68xx.aer4f : mmwave.oer4f (.text:MMWave_config)
                  0001bc3c    00000074                             : mmwave_dualcore.oer4f (.text:MMWave_deviceStartFxn)
                  0001bcb0    00000074     boot.aer4ft : boot.oer4ft (.text)
                  0001bd24    00000074     libmmwavelink_xwr68xx.aer4f : rl_driver.oer4f (.text:rlDriverAsyncEventHandler)
                  0001bd98    00000074     rtsv7R4_T_le_v3D16_eabi.lib : getdevice.obj (.text)
                  0001be0c    00000074                                 : s_frexp.obj (.text)
                  0001be80    00000073     data_path.oer4f (.text:MmwDemo_hwaOpen)
                  0001bef3    00000001     --HOLE-- [fill = 0]
                  0001bef4    00000072     libcfarcaproc_hwa_xwr68xx.aer4f : cfarcaprochwa.oer4f (.text:CFARHWA_saveConfiguration)
                  0001bf66    00000072     libmmwavelink_xwr68xx.aer4f : rl_driver.oer4f (.text:rlDriverClientCbCheck)
                  0001bfd8    00000070     libhsiheader_xwr68xx.aer4f : hsiheader.oer4f (.text:HSIHeader_deleteHeader)
                  0001c048    00000070     libhwa_xwr68xx.aer4f : hwa.oer4f (.text:HWA_getDriverAccess)
                  0001c0b8    00000070     libmmwave_xwr68xx.aer4f : mmwave_dualcore.oer4f (.text:MMWave_deviceCfgFxn)
                  0001c128    00000070     mmw_cli.oer4f (.text:MmwDemo_CLIGuiMonSel)
                  0001c198    00000070     main.oer4f (.text:MmwDemo_platformInit)
                  0001c208    00000008     mmw_per4ft.oer4ft (.text:xdc_runtime_Text_visitRope__I)
                  0001c210    00000070     sysbios.aer4ft : BIOS.obj (.text:xdc_runtime_Error_print__E)
                  0001c280    0000006e     libcfarcaproc_hwa_xwr68xx.aer4f : cfarcaprochwa.oer4f (.text:CFARCAHWA_config_EDMA)
                  0001c2ee    00000002     --HOLE-- [fill = 0]
                  0001c2f0    0000006c     libdma_xwr68xx.aer4f : dma.oer4f (.text:DMA_disableChannel)
                  0001c35c    0000006c                          : dma.oer4f (.text:DMA_enableChannel)
                  0001c3c8    0000006c     libedma_xwr68xx.aer4f : edma.oer4f (.text:EDMA_isTransferComplete)
                  0001c434    0000006c     libmmwave_xwr68xx.aer4f : mmwave_link.oer4f (.text:MMWave_spawn)
                  0001c4a0    0000006c                             : mmwave_link.oer4f (.text:MMWave_stopLink)
                  0001c50c    0000006c     mmw_lvds_stream.oer4f (.text:MmwDemo_LVDSStream_EDMAFreeCBUFFHwChannel)
                  0001c578    0000006c     mmw_lvds_stream.oer4f (.text:MmwDemo_LVDSStream_EDMAFreeCBUFFSwChannel)
                  0001c5e4    0000006c     mmw_lvds_stream.oer4f (.text:MmwDemo_LVDSStream_HwTriggerFrameDone)
                  0001c650    0000006c     libpinmux_xwr68xx.aer4f : pinmux.oer4f (.text:Pinmux_Set_FuncSel)
                  0001c6bc    0000006c     rtsv7R4_T_le_v3D16_eabi.lib : copy_decompress_lzss.obj (.text:decompress:lzss)
                  0001c728    0000006c                                 : trgmsg.obj (.text)
                  0001c794    0000006a     libuart_xwr68xx.aer4f : uartsci.oer4f (.text:UartSci_control)
                  0001c7fe    00000002     --HOLE-- [fill = 0]
                  0001c800    00000068     objectdetection.oer4f (.text:DPC_ObjectDetection_deinit)
                  0001c868    00000068     libdpm_xwr68xx.aer4f : dpm_msg.oer4f (.text:DPM_msgDPCCfgHandler)
                  0001c8d0    00000068     libmmwave_xwr68xx.aer4f : mmwave_dualcore.oer4f (.text:MMWave_deviceStopFxn)
                  0001c938    00000068     libmailbox_xwr68xx.aer4f : mailbox.oer4f (.text:Mailbox_readFlush)
                  0001c9a0    00000068     main.oer4f (.text:MmwDemo_convertCfarToLinear)
                  0001ca08    00000068     rangeprochwa.oer4f (.text:rangeProcHWA_ConfigEDMATranspose)
                  0001ca70    00000068     rangeprochwa.oer4f (.text:rangeProcHWA_ConfigHWACommon)
                  0001cad8    00000068     libmmwavelink_xwr68xx.aer4f : rl_driver.oer4f (.text:rlDriverExecuteSetApi)
                  0001cb40    00000068                                 : rl_driver.oer4f (.text:rlDriverHostIrqHandler)
                  0001cba8    00000068     rtsv7R4_T_le_v3D16_eabi.lib : hostlseek.obj (.text)
                  0001cc10    00000068                                 : hostrename.obj (.text)
                  0001cc78    00000067     main.oer4f (.text:MmwDemo_mssSetHsiClk)
                  0001ccdf    00000001     --HOLE-- [fill = 0]
                  0001cce0    00000066     libmmwavelink_xwr68xx.aer4f : rl_device.oer4f (.text:rlDevicePowerOff)
                  0001cd46    00000002     --HOLE-- [fill = 0]
                  0001cd48    00000064     libcli_xwr68xx.aer4f : cli_mmwave.oer4f (.text:CLI_MMWaveLowPowerCfg)
                  0001cdac    00000064     libedma_xwr68xx.aer4f : edma.oer4f (.text:EDMA_getTransferControllerErrorStatusInfo)
                  0001ce10    00000064                           : edma.oer4f (.text:EDMA_startDmaTransfer)
                  0001ce74    00000064     libhwa_xwr68xx.aer4f : hwa.oer4f (.text:HWA_getDMAChanIndex)
                  0001ced8    00000064     libosal_xwr68xx.aer4f : SemaphoreP_tirtos.oer4f (.text:SemaphoreP_create)
                  0001cf3c    00000064     rtsv7R4_T_le_v3D16_eabi.lib : fseek.obj (.text)
                  0001cfa0    00000064                                 : sprintf.obj (.text)
                  0001d004    00000064     sysbios.aer4ft : exc_Exception_asm.obj (.text:ti_sysbios_family_arm_exc_Exception_initCore0__I)
                  0001d068    00000006     libosal_xwr68xx.aer4f : CycleprofilerP_tirtos.oer4f (.text:CycleprofilerP_getTimeStamp)
                  0001d06e    00000002     --HOLE-- [fill = 0]
                  0001d070    00000064     sysbios.aer4ft : BIOS.obj (.text:ti_sysbios_family_arm_v7r_vim_Hwi_phantomIntHandler__I)
                  0001d0d4    0000000c     mmw_per4ft.oer4ft (.text:ti_sysbios_knl_Queue_Object__get__S)
                  0001d0e0    00000064     sysbios.aer4ft : BIOS.obj (.text:ti_sysbios_knl_Clock_logTick__E)
                  0001d144    0000000a     libadcbuf_xwr68xx.aer4f : ADCBuf.oer4f (.text:ADCBuf_control)
                  0001d14e    00000002     --HOLE-- [fill = 0]
                  0001d150    00000064     sysbios.aer4ft : BIOS.obj (.text:ti_sysbios_utils_Load_logCPULoad__I)
                  0001d1b4    0000000a     libadcbuf_xwr68xx.aer4f : ADCBuf.oer4f (.text:ADCBuf_getChanBufAddr)
                  0001d1be    00000002     --HOLE-- [fill = 0]
                  0001d1c0    00000064     sysbios.aer4ft : BIOS.obj (.text:xdc_runtime_Startup_exec__E)
                  0001d224    00000062     mmw_cli.oer4f (.text:MmwDemo_CLICfarFovCfg)
                  0001d286    00000002     --HOLE-- [fill = 0]
                  0001d288    00000060     libcli_xwr68xx.aer4f : cli_mmwave.oer4f (.text:CLI_MMWaveExtensionHandler)
                  0001d2e8    00000060     gesture.oer4f (.text:ComputeAngleStats)
                  0001d348    00000060     libosal_xwr68xx.aer4f : DebugP_tirtos.oer4f (.text:DebugP_log2)
                  0001d3a8    00000060                           : DebugP_tirtos.oer4f (.text:DebugP_log3)
                  0001d408    00000006     libdpm_xwr68xx.aer4f : dpm_mailbox.oer4f (.text:DPM_mboxSynch)
                  0001d40e    00000002     --HOLE-- [fill = 0]
                  0001d410    00000060     sysbios.aer4ft : BIOS.obj (.text:ti_sysbios_heaps_HeapMem_alloc__E)
                  0001d470    00000060                    : BIOS.obj (.text:xdc_runtime_Assert_raise__I)
                  0001d4d0    0000005f                    : BIOS.obj (.text:xdc_runtime_Text_putLab__E)
                  0001d52f    00000001     --HOLE-- [fill = 0]
                  0001d530    0000005e     libuart_xwr68xx.aer4f : uartsci.oer4f (.text:UartSci_writeChar)
                  0001d58e    00000002     --HOLE-- [fill = 0]
                  0001d590    0000005c     libcfarcaproc_hwa_xwr68xx.aer4f : cfarcaprochwa.oer4f (.text:CFARHWA_fovConvertDoppler)
                  0001d5ec    0000005c     libmmwave_xwr68xx.aer4f : mmwave_link.oer4f (.text:MMWave_mboxOpen)
                  0001d648    0000005c                             : mmwave.oer4f (.text:MMWave_stop)
                  0001d6a4    0000005c     libsoc_xwr68xx.aer4f : soc.oer4f (.text:SOC_enableLVDS)
                  0001d700    0000005c     rtsv7R4_T_le_v3D16_eabi.lib : hostopen.obj (.text)
                  0001d75c    0000005c                                 : hostread.obj (.text)
                  0001d7b8    00000006     libedma_xwr68xx.aer4f : edma_low_level.oer4f (.text:EDMA3ClrCCErr)
                  0001d7be    00000002     --HOLE-- [fill = 0]
                  0001d7c0    0000005c     sysbios.aer4ft : BIOS.obj (.text:ti_sysbios_utils_Load_updateCurrentThreadTime__E)
                  0001d81c    0000005a     libuart_xwr68xx.aer4f : uartsci.oer4f (.text:UartSci_readCancel)
                  0001d876    0000005a     libmmwavelink_xwr68xx.aer4f : rl_driver.oer4f (.text:rlDriverCalChkSum)
                  0001d8d0    00000058     libdpm_xwr68xx.aer4f : dpm_core.oer4f (.text:DPM_execute)
                  0001d928    00000058                          : dpm_mailbox.oer4f (.text:DPM_mboxInit)
                  0001d980    00000058     libosal_xwr68xx.aer4f : DebugP_tirtos.oer4f (.text:DebugP_log0)
                  0001d9d8    00000058                           : DebugP_tirtos.oer4f (.text:DebugP_log1)
                  0001da30    00000058     libedma_xwr68xx.aer4f : edma_low_level.oer4f (.text:EDMA3EnableChInShadowReg)
                  0001da88    00000058     libesm_xwr68xx.aer4f : esm.oer4f (.text:ESM_highpriority_FIQ)
                  0001dae0    00000058     libhwa_xwr68xx.aer4f : hwa.oer4f (.text:HWA_getDMAconfig)
                  0001db38    00000058     libmmwave_xwr68xx.aer4f : mmwave.oer4f (.text:MMWave_execute)
                  0001db90    00000058                             : mmwave_link.oer4f (.text:MMWave_initCRC)
                  0001dbe8    00000058     mmw_cli.oer4f (.text:MmwDemo_CLISensorStop)
                  0001dc40    00000058     main.oer4f (.text:MmwDemo_mmWaveCtrlTask)
                  0001dc98    00000058     libuart_xwr68xx.aer4f : uartsci_dma.oer4f (.text:UartSci_closeDMA)
                  0001dcf0    00000058     rtsv7R4_T_le_v3D16_eabi.lib : close.obj (.text)
                  0001dd48    00000058                                 : hostwrite.obj (.text)
                  0001dda0    00000056     libmmwavelink_xwr68xx.aer4f : rl_driver.oer4f (.text:rlDriverOsiCbCheck)
                  0001ddf6    00000002     --HOLE-- [fill = 0]
                  0001ddf8    00000054     libcrc_xwr68xx.aer4f : crc.oer4f (.text:CRC_getTransactionId)
                  0001de4c    00000054     libdma_xwr68xx.aer4f : dma.oer4f (.text:DMA_freeChannel)
                  0001dea0    00000054     libedma_xwr68xx.aer4f : edma.oer4f (.text:EDMA_error_isr)
                  0001def4    00000054     libmmwave_xwr68xx.aer4f : mmwave_link.oer4f (.text:MMWave_initLink)
                  0001df48    00000054     main.oer4f (.text:MmwDemo_CfgUpdate)
                  0001df9c    00000054     rtsv7R4_T_le_v3D16_eabi.lib : ltoa.obj (.text)
                  0001dff0    00000054     mmw_per4ft.oer4ft (.text:ti_sysbios_family_arm_v7r_vim_Hwi_create)
                  0001e044    0000000a     libcbuff_xwr68xx.aer4f : cbuff_lvds.oer4f (.text:CBUFF_deinitLVDS)
                  0001e04e    00000002     --HOLE-- [fill = 0]
                  0001e050    00000054     sysbios.aer4ft : BIOS.obj (.text:ti_sysbios_heaps_HeapMem_getStats__E)
                  0001e0a4    0000000a     objectdetection.oer4f (.text:DPC_ObjDet_GetRangeWinGenLen)
                  0001e0ae    00000002     --HOLE-- [fill = 0]
                  0001e0b0    00000054     sysbios.aer4ft : BIOS.obj (.text:xdc_runtime_Core_assignLabel__I)
                  0001e104    00000052     libdpedma_hwa_xwr68xx.aer4f : dpedma.oer4f (.text:DPEDMA_setup_shadow_link)
                  0001e156    00000002     --HOLE-- [fill = 0]
                  0001e158    00000050     libcrc_xwr68xx.aer4f : crc.oer4f (.text:CRC_getSignature)
                  0001e1a8    00000050     gesture.oer4f (.text:Computefeatures_preStart)
                  0001e1f8    00000050     libedma_xwr68xx.aer4f : edma_low_level.oer4f (.text:EDMA3MapChToEvtQ)
                  0001e248    00000050     libmmwave_xwr68xx.aer4f : mmwave.oer4f (.text:MMWave_sync)
                  0001e298    00000050     mmw_cli.oer4f (.text:MmwDemo_CLIMultiObjBeamForming)
                  0001e2e8    00000050     libmmwavelink_xwr68xx.aer4f : rl_driver.oer4f (.text:rlDeviceIdentifyCmdDir)
                  0001e338    00000050                                 : rl_driver.oer4f (.text:rlDriverVerifyCRC)
                  0001e388    00000050     rtsv7R4_T_le_v3D16_eabi.lib : atoi.obj (.text)
                  0001e3d8    00000050                                 : exit.obj (.text)
                  0001e428    00000050                                 : u_div32.obj (.text)
                  0001e478    00000006     libedma_xwr68xx.aer4f : edma_low_level.oer4f (.text:EDMA3ErrIntrHighStatusGet)
                  0001e47e    00000002     --HOLE-- [fill = 0]
                  0001e480    00000050     sysbios.aer4ft : BIOS.obj (.text:xdc_runtime_System_exit__E)
                  0001e4d0    0000004c     cli.oer4f (.text:CLI_write)
                  0001e51c    0000004c     libstaticclutterproc_xwr68xx.aer4f : staticclutterproc.oer4f (.text:DPU_StaticClutterProc_config)
                  0001e568    0000004c     libedma_xwr68xx.aer4f : edma.oer4f (.text:EDMA_disableChannel)
                  0001e5b4    0000004c                           : edma.oer4f (.text:EDMA_enableChannel)
                  0001e600    0000004c     libhwa_xwr68xx.aer4f : hwa.oer4f (.text:HWA_enableDoneInterrupt)
                  0001e64c    0000004c     libmailbox_xwr68xx.aer4f : mailbox.oer4f (.text:Mailbox_boxEmptyISRProcessing)
                  0001e698    0000004c     libuart_xwr68xx.aer4f : uartsci.oer4f (.text:UartSci_writeCancel)
                  0001e6e4    0000004c     rtsv7R4_T_le_v3D16_eabi.lib : cpy_tbl.obj (.text)
                  0001e730    0000004c     sysbios.aer4ft : BIOS.obj (.text:ti_sysbios_family_arm_v7r_vim_Hwi_getStackInfo__E)
                  0001e77c    0000004c     mmw_per4ft.oer4ft (.text:ti_sysbios_knl_Task_create)
                  0001e7c8    00000006     libedma_xwr68xx.aer4f : edma_low_level.oer4f (.text:EDMA3GetCCErrStatus)
                  0001e7ce    00000002     --HOLE-- [fill = 0]
                  0001e7d0    0000004c     sysbios.aer4ft : BIOS.obj (.text:ti_sysbios_knl_Task_stat__E)
                  0001e81c    00000004     mmw_per4ft.oer4ft (.text:ti_sysbios_family_arm_v7r_vim_Hwi_delete)
                  0001e820    0000004c     sysbios.aer4ft : BIOS.obj (.text:ti_sysbios_utils_Load_taskSwitchHook__E)
                  0001e86c    0000004a     libdpm_xwr68xx.aer4f : dpm_mailbox.oer4f (.text:DPM_mboxSendResult)
                  0001e8b6    0000004a     libmailbox_xwr68xx.aer4f : mailbox.oer4f (.text:Mailbox_boxFullISRProcessing)
                  0001e900    0000004a     sysbios.aer4ft : BIOS.obj (.text:xdc_runtime_Core_assignParams__I)
                  0001e94a    00000006     libedma_xwr68xx.aer4f : edma_low_level.oer4f (.text:EDMA3GetErrIntrStatus)
                  0001e950    0000004a     sysbios.aer4ft : BIOS.obj (.text:xdc_runtime_Text_xprintf__I)
                  0001e99a    00000002     --HOLE-- [fill = 0]
                  0001e99c    00000049     mmw_lvds_stream.oer4f (.text:MmwDemo_LVDSStream_EDMAAllocateCBUFFChannel)
                  0001e9e5    00000001     --HOLE-- [fill = 0]
                  0001e9e6    00000048     libcbuff_xwr68xx.aer4f : cbuff_transfer.oer4f (.text:CBUFF_setup_USER)
                  0001ea2e    00000048     libdpm_xwr68xx.aer4f : dpm_pipe.oer4f (.text:DPM_pipeRecv)
                  0001ea76    00000002     --HOLE-- [fill = 0]
                  0001ea78    00000048     libhwa_xwr68xx.aer4f : hwa.oer4f (.text:HWA_deleteInstance)
                  0001eac0    00000048     main.oer4f (.text:MmwDemo_resetStaticCfgPendingState)
                  0001eb08    00000048     libmmwavelink_xwr68xx.aer4f : rl_device.oer4f (.text:rlDeviceGetVersion)
                  0001eb50    00000048                                 : rl_driver.oer4f (.text:rlDriverOsiInit)
                  0001eb98    00000048     mmw_per4ft.oer4ft (.text:xdc_runtime_LoggerBuf_Object__create__S)
                  0001ebe0    00000046     libmailbox_xwr68xx.aer4f : mailbox.oer4f (.text:CSL_FINSR)
                  0001ec26    00000002     --HOLE-- [fill = 0]
                  0001ec28    00000044     libadcbuf_xwr68xx.aer4f : adcbuf_mmwave.oer4f (.text:ADCBUF_MMWave_close)
                  0001ec6c    00000044     libcrc_xwr68xx.aer4f : crc.oer4f (.text:CRC_resetSignature)
                  0001ecb0    00000044     libdpm_xwr68xx.aer4f : dpm_core.oer4f (.text:DPM_start)
                  0001ecf4    00000044                          : dpm_core.oer4f (.text:DPM_stop)
                  0001ed38    00000044     libmailbox_xwr68xx.aer4f : mailbox.oer4f (.text:Mailbox_boxFullISRMssDss)
                  0001ed7c    00000044     libsoc_xwr68xx.aer4f : soc_xwr68xx_mss.oer4f (.text:SOC_resetDMA)
                  0001edc0    00000044     rtsv7R4_T_le_v3D16_eabi.lib : hostclose.obj (.text)
                  0001ee04    00000044                                 : hostunlink.obj (.text)
                  0001ee48    00000006     libedma_xwr68xx.aer4f : edma_low_level.oer4f (.text:EDMA3QdmaGetErrIntrStatus)
                  0001ee4e    00000002     --HOLE-- [fill = 0]
                  0001ee50    00000044     sysbios.aer4ft : BIOS.obj (.text:ti_sysbios_family_arm_v7r_tms570_Core_Module_startup__E)
                  0001ee94    0000000a     libdpm_xwr68xx.aer4f : dpm_core.oer4f (.text:DPM_chirpISR)
                  0001ee9e    00000002     --HOLE-- [fill = 0]
                  0001eea0    00000044     sysbios.aer4ft : BIOS.obj (.text:ti_sysbios_knl_Task_allBlockedFunction__I)
                  0001eee4    0000000a     libdpm_xwr68xx.aer4f : dpm_core.oer4f (.text:DPM_frameStartISR)
                  0001eeee    00000002     --HOLE-- [fill = 0]
                  0001eef0    00000044     sysbios.aer4ft : BIOS.obj (.text:xdc_runtime_LoggerBuf_Module_startup__E)
                  0001ef34    0000000a     libosal_xwr68xx.aer4f : MemoryP_tirtos.oer4f (.text:MemoryP_ctrlFree)
                  0001ef3e    00000002     --HOLE-- [fill = 0]
                  0001ef40    00000044     sysbios.aer4ft : BIOS.obj (.text:xdc_runtime_System_atexit__E)
                  0001ef84    00000042     libcbuff_xwr68xx.aer4f : cbuff_lvds.oer4f (.text:CBUFF_closeLVDS)
                  0001efc6    00000042     libedma_xwr68xx.aer4f : edma.oer4f (.text:EDMA_transferController_error_isr)
                  0001f008    00000042     libhwa_xwr68xx.aer4f : hwa.oer4f (.text:HWA_reset)
                  0001f04a    00000042     libmmwave_xwr68xx.aer4f : mmwave_link.oer4f (.text:MMWave_executeLink)
                  0001f08c    00000042     libmmwavelink_xwr68xx.aer4f : rl_controller.oer4f (.text:rlGetSubBlock)
                  0001f0ce    00000002     --HOLE-- [fill = 0]
                  0001f0d0    00000040     libedma_xwr68xx.aer4f : edma.oer4f (.text:EDMA_linkParamSets)
                  0001f110    00000040     libhwa_xwr68xx.aer4f : hwa.oer4f (.text:HWA_getHWAMemInfo)
                  0001f150    00000040     mmw_cli.oer4f (.text:MmwDemo_CLIClutterRemoval)
                  0001f190    00000040     mmw_cli.oer4f (.text:MmwDemo_CLIExtendedMaxVelocity)
                  0001f1d0    00000040     libmmwavelink_xwr68xx.aer4f : rl_driver.oer4f (.text:rlDriverValidateHdr)
                  0001f210    00000040     rtsv7R4_T_le_v3D16_eabi.lib : strtok.obj (.text)
                  0001f250    00000040     sysbios.aer4ft : BIOS.obj (.text:ti_sysbios_timers_rti_Timer_stop__E)
                  0001f290    0000003e     libadcbuf_xwr68xx.aer4f : adcbuf_mmwave.oer4f (.text:CSL_FINSR)
                  0001f2ce    0000003e     libcbuff_xwr68xx.aer4f : cbuff.oer4f (.text:CSL_FINSR)
                  0001f30c    0000003e                            : cbuff_lvds.oer4f (.text:CSL_FINSR)
                  0001f34a    0000003e     libcrc_xwr68xx.aer4f : crc.oer4f (.text:CSL_FINSR)
                  0001f388    0000003e     libdma_xwr68xx.aer4f : dma.oer4f (.text:CSL_FINSR)
                  0001f3c6    0000003e     libgpio_xwr68xx.aer4f : gpio.oer4f (.text:CSL_FINSR)
                  0001f404    0000003e     libhwa_xwr68xx.aer4f : hwa.oer4f (.text:CSL_FINSR)
                  0001f442    0000003e     libpinmux_xwr68xx.aer4f : pinmux.oer4f (.text:CSL_FINSR)
                  0001f480    0000003e     libsoc_xwr68xx.aer4f : soc.oer4f (.text:CSL_FINSR)
                  0001f4be    0000003e                          : soc_xwr68xx.oer4f (.text:CSL_FINSR)
                  0001f4fc    0000003e                          : soc_xwr68xx_mss.oer4f (.text:CSL_FINSR)
                  0001f53a    0000003e     libuart_xwr68xx.aer4f : uartsci.oer4f (.text:CSL_FINSR)
                  0001f578    0000003e     libdpm_xwr68xx.aer4f : dpm_msg.oer4f (.text:DPM_msgStopHandler)
                  0001f5b6    0000003e     libhwa_xwr68xx.aer4f : hwa.oer4f (.text:HWA_enable)
                  0001f5f4    0000003e     libmmwave_xwr68xx.aer4f : mmwave.oer4f (.text:MMWave_decodeError)
                  0001f632    0000003e     libuart_xwr68xx.aer4f : uartsci.oer4f (.text:UartSci_close)
                  0001f670    0000003e     mmwdemo_monitor.oer4f (.text:mmwDemo_cfgAnalogMonitor)
                  0001f6ae    0000003e     mmw_per4ft.oer4ft (.text:realloc)
                  0001f6ec    0000003c     libcbuff_xwr68xx.aer4f : cbuff_transfer.oer4f (.text:CBUFF_configCQEDMA)
                  0001f728    0000003c     libcli_xwr68xx.aer4f : cli_mmwave.oer4f (.text:CLI_MMWaveFlushCfg)
                  0001f764    0000003c     libedma_xwr68xx.aer4f : edma.oer4f (.text:EDMA_chainChannels)
                  0001f7a0    0000003c                           : edma.oer4f (.text:EDMA_getErrorStatus)
                  0001f7dc    0000003c                           : edma.oer4f (.text:EDMA_getTransferControllerErrorStatus)
                  0001f818    0000003c     libmailbox_xwr68xx.aer4f : mailbox.oer4f (.text:Mailbox_writeReset)
                  0001f854    0000003c     libsoc_xwr68xx.aer4f : soc_xwr68xx_mss.oer4f (.text:SOC_isSecureDevice)
                  0001f890    0000003c                          : soc.oer4f (.text:SOC_unhaltBSS)
                  0001f8cc    0000003c     sysbios.aer4ft : vim_Hwi_asm.obj (.text:ti_sysbios_family_arm_v7r_vim_Hwi_init__I)
                  0001f908    00000006     libosal_xwr68xx.aer4f : HwiP_tirtos.oer4f (.text:HwiP_restore)
                  0001f90e    00000002     --HOLE-- [fill = 0]
                  0001f910    0000003c     sysbios.aer4ft : BIOS.obj (.text:ti_sysbios_hal_Hwi_checkStack)
                  0001f94c    00000004     mmw_per4ft.oer4ft (.text:ti_sysbios_heaps_HeapMem_Module_GateProxy_enter__E)
                  0001f950    0000003c     sysbios.aer4ft : BIOS.obj (.text:ti_sysbios_heaps_HeapMem_init__I)
                  0001f98c    0000003a     libhwa_xwr68xx.aer4f : hwa.oer4f (.text:HWA_setDMA2ACCManualTrig)
                  0001f9c6    00000002     --HOLE-- [fill = 0]
                  0001f9c8    0000003a     libosal_xwr68xx.aer4f : HwiP_tirtos.oer4f (.text:HwiP_delete)
                  0001fa02    00000038     libcbuff_xwr68xx.aer4f : cbuff_transfer.oer4f (.text:CBUFF_addUserBufferLLEntry)
                  0001fa3a    00000038                            : cbuff_transfer.oer4f (.text:CBUFF_setupHeader)
                  0001fa72    00000002     --HOLE-- [fill = 0]
                  0001fa74    00000038     libcli_xwr68xx.aer4f : cli_mmwave.oer4f (.text:CLI_MMWaveExtensionInit)
                  0001faac    00000038     libdpm_xwr68xx.aer4f : dpm_core.oer4f (.text:DPM_notifyExecute)
                  0001fae4    00000038     libedma_xwr68xx.aer4f : edma_low_level.oer4f (.text:EDMA3ClrMissEvt)
                  0001fb1c    00000038     data_path.oer4f (.text:MmwDemo_EDMA_errorCallbackFxn)
                  0001fb54    00000038     data_path.oer4f (.text:MmwDemo_EDMA_transferControllerErrorCallbackFxn)
                  0001fb8c    00000038     libuart_xwr68xx.aer4f : UART.oer4f (.text:UART_init)
                  0001fbc4    00000036     libmmwavelink_xwr68xx.aer4f : rl_controller.oer4f (.text:rlAppendSubBlock)
                  0001fbfa    00000036     rtsv7R4_T_le_v3D16_eabi.lib : strncpy.obj (.text)
                  0001fc30    00000034     libadcbuf_xwr68xx.aer4f : ADCBuf.oer4f (.text:ADCBuf_open)
                  0001fc64    00000034     libedma_xwr68xx.aer4f : edma.oer4f (.text:EDMA_configTransferControllerError)
                  0001fc98    00000034     libhwa_xwr68xx.aer4f : hwa.oer4f (.text:HWA_disableDoneInterrupt)
                  0001fccc    00000034                          : hwa.oer4f (.text:HWA_setSoftwareTrigger)
                  0001fd00    00000034     libmmwave_xwr68xx.aer4f : mmwave_link.oer4f (.text:MMWave_mboxWrite)
                  0001fd34    00000034     libsoc_xwr68xx.aer4f : soc_xwr68xx.oer4f (.text:SOC_enableHWA)
                  0001fd68    00000034                          : soc_xwr68xx_mss.oer4f (.text:SOC_hasDSPCore)
                  0001fd9c    00000034                          : soc_xwr68xx.oer4f (.text:SOC_setMMWaveDSSLinkState)
                  0001fdd0    00000034                          : soc_xwr68xx.oer4f (.text:SOC_setMMWaveMSSLinkState)
                  0001fe04    00000034                          : soc_xwr68xx.oer4f (.text:SOC_setMSSLinkState)
                  0001fe38    00000034     libuart_xwr68xx.aer4f : UART.oer4f (.text:UART_open)
                  0001fe6c    00000004     mmw_per4ft.oer4ft (.text:ti_sysbios_heaps_HeapMem_Module_GateProxy_leave__E)
                  0001fe70    00000034     sysbios.aer4ft : BIOS.obj (.text:ti_sysbios_family_arm_a15_TimestampProvider_get64__E)
                  0001fea4    00000034     mmw_per4ft.oer4ft (.text:ti_sysbios_knl_Semaphore_create)
                  0001fed8    00000032     libcfarcaproc_hwa_xwr68xx.aer4f : cfarcaprochwa.oer4f (.text:CFARHWA_fovConvertRange)
                  0001ff0a    00000002     --HOLE-- [fill = 0]
                  0001ff0c    00000032     libcrc_xwr68xx.aer4f : crc.oer4f (.text:CRC_getCRCDataSelectBitValue)
                  0001ff3e    00000002     --HOLE-- [fill = 0]
                  0001ff40    00000032                          : crc.oer4f (.text:CRC_getCRCTypeBitValue)
                  0001ff72    00000032     libedma_xwr68xx.aer4f : edma.oer4f (.text:EDMA_configQueueThreshold)
                  0001ffa4    00000032     libhwa_xwr68xx.aer4f : hwa.oer4f (.text:HWA_allParamDoneISR)
                  0001ffd6    0000000a     main.oer4f (.text:MmwDemo_resetDynObjDetCfgPendingState)
                  0001ffe0    00000032     sysbios.aer4ft : BIOS.obj (.text:ti_sysbios_hal_Hwi_initStack)
                  00020012    00000002     --HOLE-- [fill = 0]
                  00020014    00000030     libadcbuf_xwr68xx.aer4f : ADCBuf.oer4f (.text:ADCBuf_init)
                  00020044    00000030     libcbuff_xwr68xx.aer4f : cbuff_transfer.oer4f (.text:CBUFF_addCQLLEntry)
                  00020074    00000030     libmmwave_xwr68xx.aer4f : mmwave_listlib.oer4f (.text:MMWave_listRemoveNode)
                  000200a4    00000030     libsoc_xwr68xx.aer4f : soc.oer4f (.text:SOC_getDevicePartNumber)
                  000200d4    00000030     libmmwavelink_xwr68xx.aer4f : rl_sensor.oer4f (.text:rlSensorStart)
                  00020104    00000030     mmw_per4ft.oer4ft (.text:ti_sysbios_BIOS_startFunc__I)
                  00020134    0000000a     libosal_xwr68xx.aer4f : SemaphoreP_tirtos.oer4f (.text:SemaphoreP_post)
                  0002013e    00000002     --HOLE-- [fill = 0]
                  00020140    00000030     sysbios.aer4ft : BIOS.obj (.text:ti_sysbios_family_arm_TaskSupport_start__E)
                  00020170    00000030     mmw_per4ft.oer4ft (.text:ti_sysbios_gates_GateHwi_Object__create__S)
                  000201a0    00000030     mmw_per4ft.oer4ft (.text:ti_sysbios_gates_GateMutex_Object__create__S)
                  000201d0    00000030     mmw_per4ft.oer4ft (.text:ti_sysbios_heaps_HeapMem_Object__create__S)
                  00020200    00000030     sysbios.aer4ft : BIOS.obj (.text:ti_sysbios_heaps_HeapMem_free__E)
                  00020230    00000030     mmw_per4ft.oer4ft (.text:ti_sysbios_knl_Semaphore_construct)
                  00020260    0000002f     sysbios.aer4ft : BIOS.obj (.text:xdc_runtime_Text_printVisFxn__I)
                  0002028f    00000001     --HOLE-- [fill = 0]
                  00020290    0000002e     libdpm_xwr68xx.aer4f : dpm_msg.oer4f (.text:DPM_msgStartHandler)
                  000202be    0000002e     objectdetection.oer4f (.text:_DPC_Objdet_Assert)
                  000202ec    00000004     mmw_per4ft.oer4ft (.text:ti_sysbios_knl_Clock_TimerProxy_getMaxTicks__E)
                  000202f0    0000002e     sysbios.aer4ft : BIOS.obj (.text:ti_sysbios_knl_Semaphore_pendTimeout__I)
                  0002031e    0000002e     mmw_per4ft.oer4ft (.text:ti_sysbios_rts_MemAlloc_alloc)
                  0002034c    0000002c     libdpm_xwr68xx.aer4f : dpm_pipe.oer4f (.text:DPM_pipeInit)
                  00020378    0000002c     libstaticclutterproc_xwr68xx.aer4f : staticclutterproc.oer4f (.text:DPU_StaticClutterProc_init)
                  000203a4    0000002c     libedma_xwr68xx.aer4f : edma.oer4f (.text:EDMA_setDestinationAddress)
                  000203d0    0000002c                           : edma.oer4f (.text:EDMA_setSourceAddress)
                  000203fc    0000002c                           : edma.oer4f (.text:EDMA_validate_channelIdchannelType)
                  00020428    0000002c     libgpio_xwr68xx.aer4f : gpio.oer4f (.text:GPIO_HighPriorityISR)
                  00020454    0000002c                           : gpio.oer4f (.text:GPIO_LowPriorityISR)
                  00020480    0000002c     libmmwave_xwr68xx.aer4f : mmwave_osal.oer4f (.text:MMWave_osalMutexCreate)
                  000204ac    0000002c                             : mmwave_osal.oer4f (.text:MMWave_osalSemCreate)
                  000204d8    0000002c     libsoc_xwr68xx.aer4f : soc_xwr68xx_mss.oer4f (.text:SOC_waitBSSPowerUp)
                  00020504    0000002c     ann_utils.oer4f (.text:annUtils_computeInnerprod)
                  00020530    0000002c     ann_utils.oer4f (.text:annUtils_reluActivation)
                  0002055c    0000002c     libmmwavelink_xwr68xx.aer4f : rl_device.oer4f (.text:rlDeviceGetMssVersion)
                  00020588    0000002c                                 : rl_sensor.oer4f (.text:rlSensorStop)
                  000205b4    0000002c     rtsv7R4_T_le_v3D16_eabi.lib : e_sqrt.obj (.text)
                  000205e0    0000002c                                 : unlink.obj (.text)
                  0002060c    0000002c     mmw_per4ft.oer4ft (.text:ti_sysbios_BIOS_atExitFunc__I)
                  00020638    0000002c     mmw_per4ft.oer4ft (.text:ti_sysbios_knl_Clock_doTick__I)
                  00020664    0000002c     mmw_per4ft.oer4ft (.text:ti_sysbios_knl_Queue_construct)
                  00020690    0000002c     sysbios.aer4ft : BIOS.obj (.text:ti_sysbios_timers_rti_Timer_periodicStub__E)
                  000206bc    0000002a     objectdetection.oer4f (.text:DPC_ObjDet_MemPoolAlloc)
                  000206e6    0000002a     libdpm_xwr68xx.aer4f : dpm_pipe.oer4f (.text:DPM_pipeDeinit)
                  00020710    0000002a     libedma_xwr68xx.aer4f : edma.oer4f (.text:EDMA_isError)
                  0002073a    0000002a     mmwdemo_adcconfig.oer4f (.text:MmwDemo_ADCBufOpen)
                  00020764    0000002a     libsoc_xwr68xx.aer4f : soc.oer4f (.text:SOC_SystemISR)
                  0002078e    0000002a     libmmwavelink_xwr68xx.aer4f : rl_device.oer4f (.text:rlDeviceGetMmWaveLinkVersion)
                  000207b8    0000002a     rtsv7R4_T_le_v3D16_eabi.lib : strspn.obj (.text)
                  000207e2    00000002     --HOLE-- [fill = 0]
                  000207e4    00000028     libcbuff_xwr68xx.aer4f : cbuff.oer4f (.text:CBUFF_ErrorISR)
                  0002080c    00000028                            : cbuff.oer4f (.text:CBUFF_FrameStartISR)
                  00020834    00000028     libdpm_xwr68xx.aer4f : dpm_mailbox.oer4f (.text:DPM_mboxDeinit)
                  0002085c    00000028                          : dpm_msg.oer4f (.text:DPM_msgInitHeader)
                  00020884    00000028     rangeprochwa.oer4f (.text:DPU_RangeProcHWA_deinit)
                  000208ac    00000028     libmailbox_xwr68xx.aer4f : mailbox.oer4f (.text:Mailbox_Config_init)
                  000208d4    00000028     libuart_xwr68xx.aer4f : uartsci_dma.oer4f (.text:UartSci_RxDMACallbackFxn)
                  000208fc    00000028                           : uartsci_dma.oer4f (.text:UartSci_TxDMACallbackFxn)
                  00020924    00000028     libmmwavelink_xwr68xx.aer4f : rl_driver.oer4f (.text:rlDriverConstructInMsg)
                  0002094c    00000028     rtsv7R4_T_le_v3D16_eabi.lib : lseek.obj (.text)
                  00020974    00000028                                 : write.obj (.text)
                  0002099c    00000004     mmw_per4ft.oer4ft (.text:ti_sysbios_knl_Semaphore_delete)
                  000209a0    00000028     sysbios.aer4ft : BIOS.obj (.text:ti_sysbios_knl_Idle_run__E)
                  000209c8    00000006     libmmwavelink_xwr68xx.aer4f : rl_controller.oer4f (.text:rlGetSubBlockId)
                  000209ce    00000002     --HOLE-- [fill = 0]
                  000209d0    00000028     sysbios.aer4ft : BIOS.obj (.text:xdc_runtime_SysStd_abort__E)
[...]
00023520  ti_sysbios_knl_Task_LD_block__C                                      
00023524  ti_sysbios_knl_Task_LD_exit__C                                       
00023528  ti_sysbios_knl_Task_LD_ready__C                                      
0002352c  ti_sysbios_knl_Task_LM_sleep__C                                      
00023530  ti_sysbios_knl_Task_LM_switch__C                                     
00023534  ti_sysbios_knl_Task_Module_State_inactiveQ__O                        
00023538  ti_sysbios_knl_Task_Module__diagsEnabled__C                          
0002353c  ti_sysbios_knl_Task_Module__diagsIncluded__C                         
00023540  ti_sysbios_knl_Task_Module__diagsMask__C                             
00023544  ti_sysbios_knl_Task_Module__loggerFxn2__C                            
00023548  ti_sysbios_knl_Task_Module__loggerFxn4__C                            
0002354c  ti_sysbios_knl_Task_Module__loggerObj__C                             
00023550  ti_sysbios_knl_Task_Object__count__C                                 
00023554  ti_sysbios_knl_Task_Object__heap__C                                  
00023558  ti_sysbios_knl_Task_allBlockedFunc__C                                
0002355c  ti_sysbios_knl_Task_defaultStackHeap__C                              
00023560  ti_sysbios_knl_Task_defaultStackSize__C                              
00023564  ti_sysbios_knl_Task_numConstructedTasks__C                           
00023568  ti_sysbios_timers_rti_Timer_E_cannotSupport__C                       
0002356c  ti_sysbios_timers_rti_Timer_Module__diagsEnabled__C                  
00023570  ti_sysbios_timers_rti_Timer_Module__diagsIncluded__C                 
00023574  ti_sysbios_timers_rti_Timer_Module__diagsMask__C                     
00023578  ti_sysbios_timers_rti_Timer_numTimerDevices__C                       
0002357c  ti_sysbios_timers_rti_Timer_startupNeeded__C                         
00023580  ti_sysbios_utils_Load_LS_cpuLoad__C                                  
00023584  ti_sysbios_utils_Load_LS_taskLoad__C                                 
00023588  ti_sysbios_utils_Load_Module_State_taskList__O                       
0002358c  ti_sysbios_utils_Load_Module__diagsEnabled__C                        
00023590  ti_sysbios_utils_Load_Module__diagsIncluded__C                       
00023594  ti_sysbios_utils_Load_Module__diagsMask__C                           
00023598  ti_sysbios_utils_Load_Module__loggerFxn1__C                          
0002359c  ti_sysbios_utils_Load_Module__loggerFxn4__C                          
000235a0  ti_sysbios_utils_Load_Module__loggerObj__C                           
000235a4  ti_sysbios_utils_Load_postUpdate__C                                  
000235a8  ti_sysbios_utils_Load_windowInMs__C                                  
000235ac  xdc_runtime_Assert_E_assertFailed__C                                 
000235b0  xdc_runtime_Core_A_initializedParams__C                              
000235b4  xdc_runtime_Core_Module__diagsEnabled__C                             
000235b8  xdc_runtime_Core_Module__diagsIncluded__C                            
000235bc  xdc_runtime_Core_Module__diagsMask__C                                
000235c0  xdc_runtime_Error_E_memory__C                                        
000235c4  xdc_runtime_Error_Module__diagsEnabled__C                            
000235c8  xdc_runtime_Error_Module__diagsIncluded__C                           
000235cc  xdc_runtime_Error_Module__diagsMask__C                               
000235d0  xdc_runtime_Error_Module__loggerFxn8__C                              
000235d4  xdc_runtime_Error_Module__loggerObj__C                               
000235d8  xdc_runtime_Error_policyFxn__C                                       
000235dc  xdc_runtime_Error_policy__C                                          
000235e0  xdc_runtime_Error_raiseHook__C                                       
000235e4  xdc_runtime_IFilterLogger_Interface__BASE__C                         
000235e8  xdc_runtime_IGateProvider_Interface__BASE__C                         
000235ec  xdc_runtime_IHeap_Interface__BASE__C                                 
000235f0  xdc_runtime_ILogger_Interface__BASE__C                               
000235f4  xdc_runtime_IModule_Interface__BASE__C                               
000235f8  xdc_runtime_Log_L_error__C                                           
000235fc  xdc_runtime_LoggerBuf_E_badLevel__C                                  
00023600  xdc_runtime_LoggerBuf_Module__gateObj__C                             
00023604  xdc_runtime_LoggerBuf_Object__count__C                               
00023608  xdc_runtime_LoggerBuf_statusLogger__C                                
0002360c  xdc_runtime_Main_Module__diagsEnabled__C                             
00023610  xdc_runtime_Main_Module__diagsIncluded__C                            
00023614  xdc_runtime_Main_Module__diagsMask__C                                
00023618  xdc_runtime_Main_Module__loggerFxn1__C                               
0002361c  xdc_runtime_Main_Module__loggerFxn2__C                               
00023620  xdc_runtime_Main_Module__loggerFxn4__C                               
00023624  xdc_runtime_Main_Module__loggerObj__C                                
00023628  xdc_runtime_Memory_defaultHeapInstance__C                            
0002362c  xdc_runtime_Startup_execImpl__C                                      
00023630  xdc_runtime_Startup_maxPasses__C                                     
00023634  xdc_runtime_Startup_sfxnRts__C                                       
00023638  xdc_runtime_Startup_sfxnTab__C                                       
0002363c  xdc_runtime_System_Module__gateObj__C                                
00023640  xdc_runtime_System_abortFxn__C                                       
00023644  xdc_runtime_System_exitFxn__C                                        
00023648  xdc_runtime_System_extendFxn__C                                      
0002364c  xdc_runtime_System_maxAtexitHandlers__C                              
00023650  xdc_runtime_Text_charTab__C                                          
00023654  xdc_runtime_Text_nameEmpty__C                                        
00023658  xdc_runtime_Text_nameStatic__C                                       
0002365c  xdc_runtime_Text_nameUnknown__C                                      
00023660  xdc_runtime_Text_visitRopeFxn__C                                     
00023664  ti_sysbios_family_arm_v7r_vim_Hwi_Module__loggerDefined__C           
00023666  ti_sysbios_gates_GateMutex_Module__id__C                             
00023668  ti_sysbios_hal_Hwi_Module__id__C                                     
0002366a  ti_sysbios_heaps_HeapMem_Module__id__C                               
0002366c  ti_sysbios_knl_Clock_Module__id__C                                   
0002366e  ti_sysbios_knl_Clock_Module__loggerDefined__C                        
00023670  ti_sysbios_knl_Semaphore_Module__id__C                               
00023672  ti_sysbios_knl_Semaphore_Module__loggerDefined__C                    
00023674  ti_sysbios_knl_Task_Module__id__C                                    
00023676  ti_sysbios_knl_Task_Module__loggerDefined__C                         
00023678  ti_sysbios_timers_rti_Timer_Module__id__C                            
0002367a  ti_sysbios_timers_rti_Timer_continueOnSuspend__C                     
0002367c  ti_sysbios_utils_Load_Module__id__C                                  
0002367e  ti_sysbios_utils_Load_Module__loggerDefined__C                       
00023680  ti_sysbios_utils_Load_autoAddTasks__C                                
00023682  ti_sysbios_utils_Load_updateInIdle__C                                
00023684  xdc_runtime_Core_Module__id__C                                       
00023686  xdc_runtime_Error_Module__loggerDefined__C                           
00023688  xdc_runtime_Error_maxDepth__C                                        
0002368a  xdc_runtime_LoggerBuf_Module__id__C                                  
0002368c  xdc_runtime_LoggerBuf_filterByLevel__C                               
0002368e  xdc_runtime_Main_Module__id__C                                       
00023690  xdc_runtime_Main_Module__loggerDefined__C                            
00023692  xdc_runtime_Memory_Module__id__C                                     
00023694  xdc_runtime_Text_charCnt__C                                          
00023696  xdc_runtime_Text_isLoaded__C                                         
00023698  xdc_runtime_Text_registryModsLastId__C                               
0002369a  xdc_runtime_Text_unnamedModsLastId__C                                
000236a0  __TI_static_base__                                                   
0002982c  __TI_Handler_Table_Base                                              
00029838  __TI_Handler_Table_Limit                                             
00029868  __TI_CINIT_Base                                                      
000298a0  __TI_CINIT_Limit                                                     
08000000  ti_sysbios_heaps_HeapMem_Instance_State_0_buf__A                     
08010000  gDPC_ObjDetTCM                                                       
0801c400  gRFLdoBypassCfg                                                      
0801c404  gFeatureVector                                                       
0801c570  gMmwMCB                                                              
0801cd68  gANN_struct_t                                                        
08022090  rl_txMsg                                                             
08022190  rl_rxMsg                                                             
08022478  gCLI_mmwave_freq_scale_factor                                        
08022480  gCLIMMWaveOpenCfg                                                    
080224a8  gCLIMMWaveExtensionTable                                             
08022550  gCLIMMWaveControlCfg                                                 
0802261c  partInfoStringArray                                                  
080227e0  hardCodedConfigIndex                                                 
080227e4  hardCodedConfigCommands                                              
08022854  gCLI                                                                 
080229fc  ti_sysbios_family_arm_v7r_vim_Hwi_Module_State_0_dispatchTable__A    
08022bfc  _ftable                                                              
08022d48  DOPPLER_WEIGHTS                                                      
08022dc8  ti_sysbios_utils_Load_Module__state__V                               
08022e60  ti_sysbios_knl_Task_Module_State_0_readyQ__A                         
08022ee0  _device                                                              
08022f58  gCBUFFHwAttribute                                                    
08022fd0  ti_sysbios_knl_Task_Object__table__V                                 
0802302c  gUartSciHwCfg                                                        
08023084  _stream                                                              
080230d4  gMailboxMCB                                                          
08023124  ti_sysbios_knl_Task_Module__state__V                                 
0802316c  SOC_TranslateAddr_LUT                                                
080231ac  ti_sysbios_gates_GateMutex_Object__table__V                          
080231ec  ti_sysbios_timers_rti_Timer_Object__table__V                         
08023228  gCBUFFInterfaceFxn                                                   
08023260  ti_sysbios_family_arm_v7r_vim_Hwi_Module__state__V                   
08023294  gHWAHwCfg                                                            
080232c4  ti_sysbios_family_arm_v7r_vim_Hwi_Object__table__V                   
080232f0  ti_sysbios_knl_Clock_Module__state__V                                
0802331c  gUartSciFxnTable                                                     
08023344  UART_config                                                          
08023368  gDPC_ObjectDetectionCfg                                              
0802338c  ti_sysbios_BIOS_Module__state__V                                     
080233b0  xdc_runtime_LoggerBuf_Object__table__V                               
080233d4  gHWADriverPtr                                                        
080233d8  gSOCHwAttrib                                                         
080233f8  ti_sysbios_knl_Clock_Object__table__V                                
08023418  xdc_runtime_Error_IgnoreBlock                                        
08023438  xdc_runtime_System_Module_State_0_atexitHandlers__A                  
08023458  ti_sysbios_utils_Load_Module_State_0_taskEnv__A                      
08023474  ADCBuf_config                                                        
0802348c  gInterleavedTransferFxn                                              
080234a4  gMailboxMssBssHwCfg                                                  
080234bc  gMailboxMssDssHwCfg                                                  
080234d4  gMultipleChirpNonInterleavedTransferFxn                              
080234ec  gNonInterleavedTransferFxn                                           
08023504  ti_sysbios_heaps_HeapMem_Object__table__V                            
0802351c  ti_sysbios_timers_rti_Timer_Module_State_0_device__A                 
08023534  gDPMRemoteTable                                                      
08023548  ti_sysbios_family_arm_exc_Exception_Module__state__V                 
0802355c  gHwaEDMAChanMapping                                                  
0802356c  __TI_ft_end                                                          
08023570  __aeabi_stdin                                                        
08023574  __aeabi_stdout                                                       
08023578  __aeabi_stderr                                                       
0802357c  ti_sysbios_timers_rti_Timer_Module_State_0_intFreqs__A               
0802358c  ti_sysbios_timers_rti_Timer_Module__state__V                         
0802359c  __TI_cleanup_ptr                                                     
080235a0  __TI_dtors_ptr                                                       
080235a4  __TI_enable_exit_profile_output                                      
080235a8  gESMHwCfgAttrs                                                       
080235b4  ti_sysbios_family_arm_v7a_Pmu_Module__state__V                       
080235c0  ti_sysbios_knl_Task_Module__root__V                                  
080235cc  _lock                                                                
080235d0  _unlock                                                              
080235d4  MmwDemo_RFParserHwCfg                                                
080235dc  gDPMHwAttrib                                                         
080235e4  gGPIOHwAtrrib                                                        
080235ec  ti_sysbios_family_arm_v7r_vim_Hwi_Module__root__V                    
080235f4  ti_sysbios_gates_GateHwi_Module__root__V                             
080235fc  ti_sysbios_gates_GateMutex_Module__root__V                           
08023604  ti_sysbios_hal_Hwi_Object__table__V                                  
0802360c  ti_sysbios_heaps_HeapMem_Module__root__V                             
08023614  ti_sysbios_knl_Queue_Module__root__V                                 
0802361c  ti_sysbios_knl_Semaphore_Module__root__V                             
08023624  ti_sysbios_timers_rti_Timer_Module_State_0_handles__A                
0802362c  xdc_runtime_LoggerBuf_Module__root__V                                
08023634  xdc_runtime_Registry_Module__state__V                                
0802363c  xdc_runtime_Startup_Module__state__V                                 
08023644  xdc_runtime_System_Module__state__V                                  
0802364c  xdc_runtime_LoggerBuf_Module__state__V                               
08023652  ti_sysbios_family_arm_exc_Exception_Module_State_0_excActive__A      
08023658  gCRCRegister                                                         
0802365c  gDPM                                                                 
08023660  regionId                                                             
08023664  gPinmuxRegs                                                          
0802366c  errno                                                                
08023678  main_func_sp                                                         
08023680  ti_sysbios_family_arm_a15_TimestampProvider_Module__state__V         
08023684  ti_sysbios_family_arm_exc_Exception_Module_State_0_excContext__A     
08023688  ti_sysbios_family_arm_exc_Exception_Module_State_0_excStackBuffers__A
0802368c  ti_sysbios_family_arm_exc_Exception_Module_State_0_excStack__A       
08023690  ti_sysbios_gates_GateHwi_Object__table__V                            
08023694  ti_sysbios_heaps_HeapBuf_Module__state__V                            
08023698  ti_sysbios_knl_Task_Module_State_0_idleTask__A                       
0802369c  ti_sysbios_utils_Load_Module_State_0_runningTask__A                  
080236a0  ti_sysbios_utils_Load_Module_State_0_taskStartTime__A                
080236a4  xdc_runtime_Memory_Module__state__V                                  
080236a8  xdc_runtime_Error_Module__state__V                                   
080236aa  xdc_runtime_Main_Module__root__V                                     
080236b0  xdc_runtime_LoggerBuf_Instance_State_0_entryArr__A                   
08024fb0  ti_sysbios_family_arm_exc_Exception_Module_State_0_excStack_0__A     
08025fb0  edmaDbg                                                              
08026498  ti_sysbios_knl_Task_Instance_State_0_stack__A                        
080267b8  gGPIOMCB                                                             
0802694c  __CIOBUF_                                                            
08026a6c  gMMWave_MCB                                                          
08026b6c  __TI_tmpnams                                                         
08026c0c  gObjDetObj                                                           
08026c10  gHSIHeaderMCB                                                        
08026ca0  gEsmMCB                                                              
08026d2c  gMMWave_DualcoreMCB                                                  
08026d34  parmbuf                                                              
08026d3c  ti_sysbios_knl_Task_Instance_State_0_hookEnv__A                      
08026d40  ti_sysbios_family_arm_v7r_vim_Hwi_Module_State_0_fiqStack__A         
08027540  __stack                                                              
08027d40  __STACK_END                                                          
08027d40  gfeatures                                                            
51000000  gMmwL3                                                               
fffffdec  ti_sysbios_family_arm_v7r_vim_Hwi_vim                                
ffffffff  __TI_pprof_out_hndl                                                  
ffffffff  __TI_prof_data_size                                                  
ffffffff  __TI_prof_data_start                                                 
ffffffff  __binit__                                                            
ffffffff  __c_args__                                                           
ffffffff  binit                                                                
UNDEFED   SHT$$INIT_ARRAY$$Base                                                
UNDEFED   SHT$$INIT_ARRAY$$Limit                                               

[1223 symbols]
